main.c:832:13:MX_DMA_Init	16	static
main.c:444:13:MX_ADC3_Init	32	static
main.c:396:13:MX_ADC2_Init	32	static
main.c:336:13:MX_ADC1_Init	48	static
main.c:1222:13:SPI5_Write	16	static
main.c:1372:6:StartDefaultTask	8	static
main.c:292:6:SystemClock_Config	96	static
main.c:185:5:main	112	static
main.c:977:6:ADC_Multi_Start	8	static
main.c:987:6:ADC_Multi_Stop	8	static
main.c:993:6:LTDC_Suspend	0	static
main.c:997:6:LTDC_Restart	0	static
main.c:1066:6:IOE_Init	0	static
main.c:1075:6:IOE_ITConfig	0	static
main.c:1087:6:IOE_Write	32	static
main.c:1098:9:IOE_Read	32	static
main.c:1111:10:IOE_ReadMultiple	24	static
main.c:1120:6:IOE_Delay	0	static
main.c:1248:6:LCD_IO_Init	8	static
main.c:1258:6:LCD_IO_WriteData	16	static
main.c:1274:6:LCD_IO_WriteReg	16	static
main.c:1293:10:LCD_IO_ReadData	32	static
main.c:1320:6:LCD_Delay	0	static
main.c:1326:6:HAL_GPIO_EXTI_Callback	16	static
main.c:1393:6:HAL_TIM_PeriodElapsedCallback	8	static
main.c:1423:6:Error_Handler	0	static
