stm32f4xx_hal_msp.c:65:6:HAL_MspInit	8	static
stm32f4xx_hal_msp.c:89:6:HAL_ADC_MspInit	64	static
stm32f4xx_hal_msp.c:183:6:HAL_ADC_MspDeInit	8	static
stm32f4xx_hal_msp.c:247:6:HAL_CRC_MspInit	8	static
stm32f4xx_hal_msp.c:269:6:HAL_CRC_MspDeInit	0	static
stm32f4xx_hal_msp.c:291:6:HAL_DMA2D_MspInit	16	static
stm32f4xx_hal_msp.c:316:6:HAL_DMA2D_MspDeInit	0	static
stm32f4xx_hal_msp.c:341:6:HAL_I2C_MspInit	64	static
stm32f4xx_hal_msp.c:389:6:HAL_I2C_MspDeInit	8	static
stm32f4xx_hal_msp.c:420:6:HAL_LTDC_MspInit	120	static
stm32f4xx_hal_msp.c:544:6:HAL_LTDC_MspDeInit	8	static
stm32f4xx_hal_msp.c:606:6:HAL_SPI_MspInit	40	static
stm32f4xx_hal_msp.c:643:6:HAL_SPI_MspDeInit	0	static
stm32f4xx_hal_msp.c:673:6:HAL_TIM_Base_MspInit	24	static
stm32f4xx_hal_msp.c:726:6:HAL_TIM_Base_MspDeInit	0	static
stm32f4xx_hal_msp.c:779:6:HAL_UART_MspInit	40	static
stm32f4xx_hal_msp.c:815:6:HAL_UART_MspDeInit	0	static
stm32f4xx_hal_msp.c:946:6:HAL_SDRAM_MspInit	48	static
stm32f4xx_hal_msp.c:1032:6:HAL_SDRAM_MspDeInit	8	static
