Archive member included to satisfy reference by file (symbol)

Middlewares/ST/touchgfx/lib/core/cortex_m4f/gcc\libtouchgfx-float-abi-hard.a(AbstractPartition.o)
                              TouchGFX/build/STM32F429IDISCO/TouchGFX/target/generated/TouchGFXConfiguration.o (touchgfx::AbstractPartition::getAllocationCount() const)
Middlewares/ST/touchgfx/lib/core/cortex_m4f/gcc\libtouchgfx-float-abi-hard.a(Container.o)
                              TouchGFX/build/STM32F429IDISCO/TouchGFX/generated/gui_generated/src/screen1_screen/Screen1ViewBase.o (touchgfx::Container::contains(touchgfx::Drawable const&))
Middlewares/ST/touchgfx/lib/core/cortex_m4f/gcc\libtouchgfx-float-abi-hard.a(HAL.o)
                              TouchGFX/build/STM32F429IDISCO/TouchGFX/target/generated/TouchGFXGeneratedHAL.o (touchgfx::HAL::drawDrawableInDynamicBitmap(touchgfx::Drawable&, unsigned short))
Middlewares/ST/touchgfx/lib/core/cortex_m4f/gcc\libtouchgfx-float-abi-hard.a(DMA.o)
                              TouchGFX/build/STM32F429IDISCO/TouchGFX/target/generated/STM32DMA.o (touchgfx::DMA_Interface::seedExecution())
Middlewares/ST/touchgfx/lib/core/cortex_m4f/gcc\libtouchgfx-float-abi-hard.a(PainterRGB565.o)
                              TouchGFX/build/STM32F429IDISCO/TouchGFX/generated/gui_generated/src/screen1_screen/Screen1ViewBase.o (vtable for touchgfx::PainterRGB565)
Middlewares/ST/touchgfx/lib/core/cortex_m4f/gcc\libtouchgfx-float-abi-hard.a(AbstractPainterRGB565.o)
                              Middlewares/ST/touchgfx/lib/core/cortex_m4f/gcc\libtouchgfx-float-abi-hard.a(PainterRGB565.o) (touchgfx::AbstractPainterRGB565::renderPixel(unsigned short*, unsigned char, unsigned char, unsigned char))
Middlewares/ST/touchgfx/lib/core/cortex_m4f/gcc\libtouchgfx-float-abi-hard.a(CanvasWidget.o)
                              TouchGFX/build/STM32F429IDISCO/TouchGFX/generated/gui_generated/src/screen1_screen/Screen1ViewBase.o (touchgfx::CanvasWidget::setPainter(touchgfx::AbstractPainter&))
Middlewares/ST/touchgfx/lib/core/cortex_m4f/gcc\libtouchgfx-float-abi-hard.a(AbstractDataGraph.o)
                              TouchGFX/build/STM32F429IDISCO/TouchGFX/generated/gui_generated/src/screen1_screen/Screen1ViewBase.o (touchgfx::AbstractDataGraph::handleDragEvent(touchgfx::DragEvent const&))
Middlewares/ST/touchgfx/lib/core/cortex_m4f/gcc\libtouchgfx-float-abi-hard.a(GraphElements.o)
                              TouchGFX/build/STM32F429IDISCO/TouchGFX/generated/gui_generated/src/screen1_screen/Screen1ViewBase.o (touchgfx::AbstractGraphElementNoCWR::setColor(touchgfx::colortype))
Middlewares/ST/touchgfx/lib/core/cortex_m4f/gcc\libtouchgfx-float-abi-hard.a(GraphWrapAndOverwrite.o)
                              TouchGFX/build/STM32F429IDISCO/TouchGFX/generated/gui_generated/src/screen1_screen/Screen1ViewBase.o (touchgfx::DataGraphWrapAndOverwrite::clear())
Middlewares/ST/touchgfx/lib/core/cortex_m4f/gcc\libtouchgfx-float-abi-hard.a(Box.o)
                              TouchGFX/build/STM32F429IDISCO/TouchGFX/generated/gui_generated/src/screen1_screen/Screen1ViewBase.o (vtable for touchgfx::Box)
Middlewares/ST/touchgfx/lib/core/cortex_m4f/gcc\libtouchgfx-float-abi-hard.a(CanvasWidgetRenderer.o)
                              TouchGFX/build/STM32F429IDISCO/TouchGFX/generated/gui_generated/src/screen1_screen/Screen1ViewBase.o (touchgfx::CanvasWidgetRenderer::setupBuffer(unsigned char*, unsigned int))
Middlewares/ST/touchgfx/lib/core/cortex_m4f/gcc\libtouchgfx-float-abi-hard.a(LCD.o)
                              TouchGFX/build/STM32F429IDISCO/TouchGFX/generated/texts/src/Texts.o (touchgfx::LCD::drawStringLTR(touchgfx::Rect const&, touchgfx::Rect const&, touchgfx::LCD::StringVisuals const&, unsigned short const*, std::__va_list))
Middlewares/ST/touchgfx/lib/core/cortex_m4f/gcc\libtouchgfx-float-abi-hard.a(TouchCalibration.o)
                              Middlewares/ST/touchgfx/lib/core/cortex_m4f/gcc\libtouchgfx-float-abi-hard.a(HAL.o) (touchgfx::TouchCalibration::translatePoint(touchgfx::Point&))
Middlewares/ST/touchgfx/lib/core/cortex_m4f/gcc\libtouchgfx-float-abi-hard.a(DisplayTransformation.o)
                              Middlewares/ST/touchgfx/lib/core/cortex_m4f/gcc\libtouchgfx-float-abi-hard.a(HAL.o) (touchgfx::DisplayTransformation::transformFrameBufferToDisplay(short&, short&))
Middlewares/ST/touchgfx/lib/core/cortex_m4f/gcc\libtouchgfx-float-abi-hard.a(Application.o)
                              TouchGFX/build/STM32F429IDISCO/TouchGFX/gui/src/common/FrontendApplication.o (touchgfx::Application::requestRedraw())
Middlewares/ST/touchgfx/lib/core/cortex_m4f/gcc\libtouchgfx-float-abi-hard.a(TypedText.o)
                              TouchGFX/build/STM32F429IDISCO/TouchGFX/generated/fonts/src/FontCache.o (touchgfx::TypedText::numberOfTypedTexts)
Middlewares/ST/touchgfx/lib/core/cortex_m4f/gcc\libtouchgfx-float-abi-hard.a(Font.o)
[...]
Memory Configuration

Name             Origin             Length             Attributes
CCMRAM           0x10000000         0x00010000         xrw
RAM              0x20000000         0x00030000         xrw
FLASH            0x08000000         0x00200000         xr
SDRAM            0xd0000000         0x00800000         xrw
*default*        0x00000000         0xffffffff

Linker script and memory map

LOAD c:/touchgfx/4.17.0/env/mingw/msys/1.0/gnu-arm-gcc/bin/../lib/gcc/arm-none-eabi/7.3.1/thumb/v7e-m/fpv4-sp/hard/crti.o
LOAD c:/touchgfx/4.17.0/env/mingw/msys/1.0/gnu-arm-gcc/bin/../lib/gcc/arm-none-eabi/7.3.1/thumb/v7e-m/fpv4-sp/hard/crtbegin.o
LOAD c:/touchgfx/4.17.0/env/mingw/msys/1.0/gnu-arm-gcc/bin/../lib/gcc/arm-none-eabi/7.3.1/../../../../arm-none-eabi/lib/thumb/v7e-m/fpv4-sp/hard/crt0.o
LOAD TouchGFX/build/STM32F429IDISCO/TouchGFX/gui/src/screen1_screen/Screen1Presenter.o
LOAD TouchGFX/build/STM32F429IDISCO/TouchGFX/gui/src/screen1_screen/Screen1View.o
LOAD TouchGFX/build/STM32F429IDISCO/TouchGFX/gui/src/model/Model.o
LOAD TouchGFX/build/STM32F429IDISCO/TouchGFX/gui/src/common/FrontendApplication.o
LOAD TouchGFX/build/STM32F429IDISCO/TouchGFX/generated/gui_generated/src/screen1_screen/Screen1ViewBase.o
LOAD TouchGFX/build/STM32F429IDISCO/TouchGFX/generated/gui_generated/src/common/FrontendApplicationBase.o
LOAD TouchGFX/build/STM32F429IDISCO/TouchGFX/generated/fonts/src/Font_verdana_40_4bpp_0.o
LOAD TouchGFX/build/STM32F429IDISCO/TouchGFX/generated/fonts/src/Font_verdana_20_4bpp_0.o
LOAD TouchGFX/build/STM32F429IDISCO/TouchGFX/generated/fonts/src/GeneratedFont.o
LOAD TouchGFX/build/STM32F429IDISCO/TouchGFX/generated/fonts/src/UnmappedDataFont.o
LOAD TouchGFX/build/STM32F429IDISCO/TouchGFX/generated/fonts/src/Kerning_verdana_40_4bpp.o
LOAD TouchGFX/build/STM32F429IDISCO/TouchGFX/generated/fonts/src/Table_verdana_10_4bpp.o
LOAD TouchGFX/build/STM32F429IDISCO/TouchGFX/generated/fonts/src/Kerning_verdana_10_4bpp.o
LOAD TouchGFX/build/STM32F429IDISCO/TouchGFX/generated/fonts/src/Kerning_verdana_20_4bpp.o
LOAD TouchGFX/build/STM32F429IDISCO/TouchGFX/generated/fonts/src/FontCache.o
LOAD TouchGFX/build/STM32F429IDISCO/TouchGFX/generated/fonts/src/Font_verdana_10_4bpp_0.o
LOAD TouchGFX/build/STM32F429IDISCO/TouchGFX/generated/fonts/src/Table_verdana_40_4bpp.o
LOAD TouchGFX/build/STM32F429IDISCO/TouchGFX/generated/fonts/src/CachedFont.o
LOAD TouchGFX/build/STM32F429IDISCO/TouchGFX/generated/fonts/src/Table_verdana_20_4bpp.o
LOAD TouchGFX/build/STM32F429IDISCO/TouchGFX/generated/fonts/src/ApplicationFontProvider.o
LOAD TouchGFX/build/STM32F429IDISCO/TouchGFX/generated/images/src/BitmapDatabase.o
LOAD TouchGFX/build/STM32F429IDISCO/TouchGFX/generated/texts/src/TypedTextDatabase.o
LOAD TouchGFX/build/STM32F429IDISCO/TouchGFX/generated/texts/src/Texts.o
LOAD TouchGFX/build/STM32F429IDISCO/TouchGFX/target/generated/TouchGFXGeneratedHAL.o
LOAD TouchGFX/build/STM32F429IDISCO/TouchGFX/target/generated/STM32DMA.o
LOAD TouchGFX/build/STM32F429IDISCO/TouchGFX/target/generated/OSWrappers.o
LOAD TouchGFX/build/STM32F429IDISCO/TouchGFX/target/generated/TouchGFXConfiguration.o
LOAD TouchGFX/build/STM32F429IDISCO/TouchGFX/target/TouchGFXHAL.o
LOAD TouchGFX/build/STM32F429IDISCO/TouchGFX/target/TouchGFXGPIO.o
LOAD TouchGFX/build/STM32F429IDISCO/TouchGFX/target/STM32TouchController.o
LOAD TouchGFX/build/STM32F429IDISCO/Core/Src/system_stm32f4xx.o
LOAD TouchGFX/build/STM32F429IDISCO/Core/Src/stm32f4xx_hal_timebase_tim.o
LOAD TouchGFX/build/STM32F429IDISCO/Core/Src/main.o
LOAD TouchGFX/build/STM32F429IDISCO/Core/Src/stm32f4xx_it.o
LOAD TouchGFX/build/STM32F429IDISCO/Core/Src/sysmem.o
LOAD TouchGFX/build/STM32F429IDISCO/Core/Src/stm32f4xx_hal_msp.o
LOAD TouchGFX/build/STM32F429IDISCO/Core/Src/syscalls.o
LOAD TouchGFX/build/STM32F429IDISCO/Core/Src/freertos.o
LOAD TouchGFX/build/STM32F429IDISCO/Drivers/STM32F4xx_HAL_Driver/Src/stm32f4xx_hal_pwr_ex.o
LOAD TouchGFX/build/STM32F429IDISCO/Drivers/STM32F4xx_HAL_Driver/Src/stm32f4xx_hal_sdram.o
LOAD TouchGFX/build/STM32F429IDISCO/Drivers/STM32F4xx_HAL_Driver/Src/stm32f4xx_ll_adc.o
LOAD TouchGFX/build/STM32F429IDISCO/Drivers/STM32F4xx_HAL_Driver/Src/stm32f4xx_hal_flash.o
LOAD TouchGFX/build/STM32F429IDISCO/Drivers/STM32F4xx_HAL_Driver/Src/stm32f4xx_hal_rcc.o
LOAD TouchGFX/build/STM32F429IDISCO/Drivers/STM32F4xx_HAL_Driver/Src/stm32f4xx_hal_dma_ex.o
LOAD TouchGFX/build/STM32F429IDISCO/Drivers/STM32F4xx_HAL_Driver/Src/stm32f4xx_hal_tim.o
LOAD TouchGFX/build/STM32F429IDISCO/Drivers/STM32F4xx_HAL_Driver/Src/stm32f4xx_hal_i2c.o
LOAD TouchGFX/build/STM32F429IDISCO/Drivers/STM32F4xx_HAL_Driver/Src/stm32f4xx_hal_flash_ex.o
LOAD TouchGFX/build/STM32F429IDISCO/Drivers/STM32F4xx_HAL_Driver/Src/stm32f4xx_hal_dma.o
LOAD TouchGFX/build/STM32F429IDISCO/Drivers/STM32F4xx_HAL_Driver/Src/stm32f4xx_hal_i2c_ex.o
LOAD TouchGFX/build/STM32F429IDISCO/Drivers/STM32F4xx_HAL_Driver/Src/stm32f4xx_hal_adc_ex.o
LOAD TouchGFX/build/STM32F429IDISCO/Drivers/STM32F4xx_HAL_Driver/Src/stm32f4xx_hal_tim_ex.o
LOAD TouchGFX/build/STM32F429IDISCO/Drivers/STM32F4xx_HAL_Driver/Src/stm32f4xx_hal_cortex.o
LOAD TouchGFX/build/STM32F429IDISCO/Drivers/STM32F4xx_HAL_Driver/Src/stm32f4xx_hal_ltdc_ex.o
LOAD TouchGFX/build/STM32F429IDISCO/Drivers/STM32F4xx_HAL_Driver/Src/stm32f4xx_ll_fmc.o
LOAD TouchGFX/build/STM32F429IDISCO/Drivers/STM32F4xx_HAL_Driver/Src/stm32f4xx_hal_dma2d.o
LOAD TouchGFX/build/STM32F429IDISCO/Drivers/STM32F4xx_HAL_Driver/Src/stm32f4xx_hal_exti.o
LOAD TouchGFX/build/STM32F429IDISCO/Drivers/STM32F4xx_HAL_Driver/Src/stm32f4xx_hal_gpio.o
LOAD TouchGFX/build/STM32F429IDISCO/Drivers/STM32F4xx_HAL_Driver/Src/stm32f4xx_hal_spi.o
LOAD TouchGFX/build/STM32F429IDISCO/Drivers/STM32F4xx_HAL_Driver/Src/stm32f4xx_hal_adc.o
LOAD TouchGFX/build/STM32F429IDISCO/Drivers/STM32F4xx_HAL_Driver/Src/stm32f4xx_hal_flash_ramfunc.o
LOAD TouchGFX/build/STM32F429IDISCO/Drivers/STM32F4xx_HAL_Driver/Src/stm32f4xx_hal_ltdc.o
LOAD TouchGFX/build/STM32F429IDISCO/Drivers/STM32F4xx_HAL_Driver/Src/stm32f4xx_hal_pwr.o
LOAD TouchGFX/build/STM32F429IDISCO/Drivers/STM32F4xx_HAL_Driver/Src/stm32f4xx_hal.o
LOAD TouchGFX/build/STM32F429IDISCO/Drivers/STM32F4xx_HAL_Driver/Src/stm32f4xx_hal_rcc_ex.o
LOAD TouchGFX/build/STM32F429IDISCO/Drivers/STM32F4xx_HAL_Driver/Src/stm32f4xx_hal_dsi.o
LOAD TouchGFX/build/STM32F429IDISCO/Drivers/STM32F4xx_HAL_Driver/Src/stm32f4xx_hal_crc.o
LOAD TouchGFX/build/STM32F429IDISCO/TouchGFX/App/app_touchgfx.o
LOAD TouchGFX/build/STM32F429IDISCO/Middlewares/Third_Party/FreeRTOS/Source/croutine.o
LOAD TouchGFX/build/STM32F429IDISCO/Middlewares/Third_Party/FreeRTOS/Source/list.o
LOAD TouchGFX/build/STM32F429IDISCO/Middlewares/Third_Party/FreeRTOS/Source/queue.o
LOAD TouchGFX/build/STM32F429IDISCO/Middlewares/Third_Party/FreeRTOS/Source/tasks.o
LOAD TouchGFX/build/STM32F429IDISCO/Middlewares/Third_Party/FreeRTOS/Source/timers.o
LOAD TouchGFX/build/STM32F429IDISCO/Middlewares/Third_Party/FreeRTOS/Source/CMSIS_RTOS_V2/cmsis_os2.o
LOAD TouchGFX/build/STM32F429IDISCO/gcc/Middlewares/Third_Party/FreeRTOS/Source/portable/MemMang/heap_4.o
LOAD TouchGFX/build/STM32F429IDISCO/gcc/Middlewares/Third_Party/FreeRTOS/Source/portable/GCC/ARM_CM4F/port.o
LOAD TouchGFX/build/STM32F429IDISCO/Drivers/BSP/Components/stmpe811/stmpe811.o
LOAD TouchGFX/build/STM32F429IDISCO/Drivers/BSP/Components/ili9341/ili9341.o
LOAD TouchGFX/build/STM32F429IDISCO/gcc/startup_stm32f429zitx.o
START GROUP
LOAD Middlewares/ST/touchgfx/lib/core/cortex_m4f/gcc\libtouchgfx-float-abi-hard.a
END GROUP
LOAD c:/touchgfx/4.17.0/env/mingw/msys/1.0/gnu-arm-gcc/bin/../lib/gcc/arm-none-eabi/7.3.1/../../../../arm-none-eabi/lib/thumb/v7e-m/fpv4-sp/hard\libstdc++_nano.a
LOAD c:/touchgfx/4.17.0/env/mingw/msys/1.0/gnu-arm-gcc/bin/../lib/gcc/arm-none-eabi/7.3.1/../../../../arm-none-eabi/lib/thumb/v7e-m/fpv4-sp/hard\libm.a
START GROUP
LOAD c:/touchgfx/4.17.0/env/mingw/msys/1.0/gnu-arm-gcc/bin/../lib/gcc/arm-none-eabi/7.3.1/thumb/v7e-m/fpv4-sp/hard\libgcc.a
LOAD c:/touchgfx/4.17.0/env/mingw/msys/1.0/gnu-arm-gcc/bin/../lib/gcc/arm-none-eabi/7.3.1/../../../../arm-none-eabi/lib/thumb/v7e-m/fpv4-sp/hard\libc_nano.a
END GROUP
START GROUP
LOAD c:/touchgfx/4.17.0/env/mingw/msys/1.0/gnu-arm-gcc/bin/../lib/gcc/arm-none-eabi/7.3.1/thumb/v7e-m/fpv4-sp/hard\libgcc.a
LOAD c:/touchgfx/4.17.0/env/mingw/msys/1.0/gnu-arm-gcc/bin/../lib/gcc/arm-none-eabi/7.3.1/../../../../arm-none-eabi/lib/thumb/v7e-m/fpv4-sp/hard\libc_nano.a
LOAD c:/touchgfx/4.17.0/env/mingw/msys/1.0/gnu-arm-gcc/bin/../lib/gcc/arm-none-eabi/7.3.1/../../../../arm-none-eabi/lib/thumb/v7e-m/fpv4-sp/hard\libnosys.a
END GROUP
START GROUP
LOAD c:/touchgfx/4.17.0/env/mingw/msys/1.0/gnu-arm-gcc/bin/../lib/gcc/arm-none-eabi/7.3.1/thumb/v7e-m/fpv4-sp/hard\libgcc.a
LOAD c:/touchgfx/4.17.0/env/mingw/msys/1.0/gnu-arm-gcc/bin/../lib/gcc/arm-none-eabi/7.3.1/../../../../arm-none-eabi/lib/thumb/v7e-m/fpv4-sp/hard\libc_nano.a
LOAD c:/touchgfx/4.17.0/env/mingw/msys/1.0/gnu-arm-gcc/bin/../lib/gcc/arm-none-eabi/7.3.1/../../../../arm-none-eabi/lib/thumb/v7e-m/fpv4-sp/hard\libnosys.a
END GROUP
LOAD c:/touchgfx/4.17.0/env/mingw/msys/1.0/gnu-arm-gcc/bin/../lib/gcc/arm-none-eabi/7.3.1/thumb/v7e-m/fpv4-sp/hard/crtend.o
LOAD c:/touchgfx/4.17.0/env/mingw/msys/1.0/gnu-arm-gcc/bin/../lib/gcc/arm-none-eabi/7.3.1/thumb/v7e-m/fpv4-sp/hard/crtn.o
                0x20030000                _estack = (ORIGIN (RAM) + LENGTH (RAM))
                0x00000200                _Min_Heap_Size = 0x200
                0x00000400                _Min_Stack_Size = 0x400

.isr_vector     0x08000000      0x1ac
                0x08000000                . = ALIGN (0x4)
 *(.isr_vector)
 .isr_vector    0x08000000      0x1ac TouchGFX/build/STM32F429IDISCO/gcc/startup_stm32f429zitx.o
                0x08000000                g_pfnVectors
                0x080001ac                . = ALIGN (0x4)

.text           0x080001b0    0x1e1dc
                0x080001b0                . = ALIGN (0x4)
 *(.text)
 .text          0x080001b0       0x40 c:/touchgfx/4.17.0/env/mingw/msys/1.0/gnu-arm-gcc/bin/../lib/gcc/arm-none-eabi/7.3.1/thumb/v7e-m/fpv4-sp/hard/crtbegin.o
 .text          0x080001f0       0x30 c:/touchgfx/4.17.0/env/mingw/msys/1.0/gnu-arm-gcc/bin/../lib/gcc/arm-none-eabi/7.3.1/thumb/v7e-m/fpv4-sp/hard\libgcc.a(_aeabi_uldivmod.o)
                0x080001f0                __aeabi_uldivmod
 .text          0x08000220      0x2cc c:/touchgfx/4.17.0/env/mingw/msys/1.0/gnu-arm-gcc/bin/../lib/gcc/arm-none-eabi/7.3.1/thumb/v7e-m/fpv4-sp/hard\libgcc.a(_udivmoddi4.o)
                0x08000220                __udivmoddi4
 .text          0x080004ec        0x4 c:/touchgfx/4.17.0/env/mingw/msys/1.0/gnu-arm-gcc/bin/../lib/gcc/arm-none-eabi/7.3.1/thumb/v7e-m/fpv4-sp/hard\libgcc.a(_dvmd_tls.o)
                0x080004ec                __aeabi_idiv0
                0x080004ec                __aeabi_ldiv0
 .text          0x080004f0       0xa0 c:/touchgfx/4.17.0/env/mingw/msys/1.0/gnu-arm-gcc/bin/../lib/gcc/arm-none-eabi/7.3.1/../../../../arm-none-eabi/lib/thumb/v7e-m/fpv4-sp/hard\libc_nano.a(lib_a-memchr.o)
                0x080004f0                memchr
 *(.text*)
 .text._ZN16Screen1PresenterD2Ev
                0x08000590        0x6 TouchGFX/build/STM32F429IDISCO/TouchGFX/gui/src/screen1_screen/Screen1Presenter.o
                0x08000590                Screen1Presenter::~Screen1Presenter()
                0x08000590                Screen1Presenter::~Screen1Presenter()
                0x08000592                non-virtual thunk to Screen1Presenter::~Screen1Presenter()
 .text._ZN16Screen1Presenter8activateEv
                0x08000596        0x2 TouchGFX/build/STM32F429IDISCO/TouchGFX/gui/src/screen1_screen/Screen1Presenter.o
                0x08000596                Screen1Presenter::deactivate()
                0x08000596                Screen1Presenter::activate()
 .text._ZN16Screen1PresenterD0Ev
                0x08000598       0x14 TouchGFX/build/STM32F429IDISCO/TouchGFX/gui/src/screen1_screen/Screen1Presenter.o
                0x08000598                Screen1Presenter::~Screen1Presenter()
                0x080005a6                non-virtual thunk to Screen1Presenter::~Screen1Presenter()
 .text._ZN16Screen1PresenterC2ER11Screen1View
                0x080005ac       0x1c TouchGFX/build/STM32F429IDISCO/TouchGFX/gui/src/screen1_screen/Screen1Presenter.o
                0x080005ac                Screen1Presenter::Screen1Presenter(Screen1View&)
                0x080005ac                Screen1Presenter::Screen1Presenter(Screen1View&)
 .text._ZN8touchgfx6Screen15afterTransitionEv
                0x080005c8        0x2 TouchGFX/build/STM32F429IDISCO/TouchGFX/gui/src/screen1_screen/Screen1View.o
                0x080005c8                touchgfx::Screen::afterTransition()
 .text._ZN8touchgfx6Screen14handleKeyEventEh
                0x080005ca        0x2 TouchGFX/build/STM32F429IDISCO/TouchGFX/gui/src/screen1_screen/Screen1View.o
                0x080005ca                touchgfx::Screen::handleKeyEvent(unsigned char)
 .text._ZN11Screen1ViewD2Ev
                0x080005cc        0x2 TouchGFX/build/STM32F429IDISCO/TouchGFX/gui/src/screen1_screen/Screen1View.o
                0x080005cc                Screen1View::~Screen1View()
                0x080005cc                Screen1View::~Screen1View()
 .text._ZN11Screen1View14tearDownScreenEv
                0x080005ce        0x2 TouchGFX/build/STM32F429IDISCO/TouchGFX/gui/src/screen1_screen/Screen1View.o
                0x080005ce                Screen1View::tearDownScreen()
 .text._ZN11Screen1View11setupScreenEv
                0x080005d0        0x4 TouchGFX/build/STM32F429IDISCO/TouchGFX/gui/src/screen1_screen/Screen1View.o
                0x080005d0                Screen1View::setupScreen()
 .text._ZN11Screen1ViewD0Ev
                0x080005d4       0x10 TouchGFX/build/STM32F429IDISCO/TouchGFX/gui/src/screen1_screen/Screen1View.o
                0x080005d4                Screen1View::~Screen1View()
 .text._ZN11Screen1ViewC2Ev
                0x080005e4       0x14 TouchGFX/build/STM32F429IDISCO/TouchGFX/gui/src/screen1_screen/Screen1View.o
                0x080005e4                Screen1View::Screen1View()
                0x080005e4                Screen1View::Screen1View()
 .text._ZN11Screen1View14_UpdateAddressEi
                0x080005f8       0x1e TouchGFX/build/STM32F429IDISCO/TouchGFX/gui/src/screen1_screen/Screen1View.o
                0x080005f8                Screen1View::_UpdateAddress(int)
 *fill*         0x08000616        0x2 
 .text._ZN11Screen1View15handleTickEventEv
                0x08000618       0x74 TouchGFX/build/STM32F429IDISCO/TouchGFX/gui/src/screen1_screen/Screen1View.o
                0x08000618                Screen1View::handleTickEvent()
 .text._ZN5ModelC2Ev
                0x0800068c        0x6 TouchGFX/build/STM32F429IDISCO/TouchGFX/gui/src/model/Model.o
                0x0800068c                Model::Model()
                0x0800068c                Model::Model()
 .text._ZN5Model4tickEv
                0x08000692        0x2 TouchGFX/build/STM32F429IDISCO/TouchGFX/gui/src/model/Model.o
                0x08000692                Model::tick()
 .text._ZN8touchgfx11Application15appSwitchScreenEh
                0x08000694        0x2 TouchGFX/build/STM32F429IDISCO/TouchGFX/gui/src/common/FrontendApplication.o
                0x08000694                touchgfx::Application::appSwitchScreen(unsigned char)
 .text._ZN8touchgfx11Application13requestRedrawERNS_4RectE
                0x08000696        0xc TouchGFX/build/STM32F429IDISCO/TouchGFX/gui/src/common/FrontendApplication.o
                0x08000696                touchgfx::Application::requestRedraw(touchgfx::Rect&)
 .text._ZN19FrontendApplicationD2Ev
                0x080006a2        0x2 TouchGFX/build/STM32F429IDISCO/TouchGFX/gui/src/common/FrontendApplication.o
                0x080006a2                FrontendApplication::~FrontendApplication()
                0x080006a2                FrontendApplication::~FrontendApplication()
 .text._ZN19FrontendApplicationD0Ev
                0x080006a4       0x10 TouchGFX/build/STM32F429IDISCO/TouchGFX/gui/src/common/FrontendApplication.o
                0x080006a4                FrontendApplication::~FrontendApplication()
 .text._ZN19FrontendApplication15handleTickEventEv
                0x080006b4       0x16 TouchGFX/build/STM32F429IDISCO/TouchGFX/gui/src/common/FrontendApplication.o
                0x080006b4                FrontendApplication::handleTickEvent()
 .text._ZN8touchgfx14MVPApplication29handlePendingScreenTransitionEv
                0x080006ca       0x24 TouchGFX/build/STM32F429IDISCO/TouchGFX/gui/src/common/FrontendApplication.o
                0x080006ca                touchgfx::MVPApplication::handlePendingScreenTransition()
 *fill*         0x080006ee        0x2 
 .text._ZN19FrontendApplicationC2ER5ModelR12FrontendHeap
                0x080006f0       0x14 TouchGFX/build/STM32F429IDISCO/TouchGFX/gui/src/common/FrontendApplication.o
                0x080006f0                FrontendApplication::FrontendApplication(Model&, FrontendHeap&)
                0x080006f0                FrontendApplication::FrontendApplication(Model&, FrontendHeap&)
 .text._ZN8touchgfx8Drawable13getFirstChildEv
                0x08000704        0x4 TouchGFX/build/STM32F429IDISCO/TouchGFX/generated/gui_generated/src/screen1_screen/Screen1ViewBase.o
                0x08000704                touchgfx::Drawable::getFirstChild()
 .text._ZN8touchgfx8Drawable4setXEs
                0x08000708        0x4 TouchGFX/build/STM32F429IDISCO/TouchGFX/generated/gui_generated/src/screen1_screen/Screen1ViewBase.o
                0x08000708                touchgfx::Drawable::setX(short)
 .text._ZN8touchgfx8Drawable4setYEs
                0x0800070c        0x4 TouchGFX/build/STM32F429IDISCO/TouchGFX/generated/gui_generated/src/screen1_screen/Screen1ViewBase.o
                0x0800070c                touchgfx::Drawable::setY(short)
 .text._ZN8touchgfx8Drawable8setWidthEs
                0x08000710        0x4 TouchGFX/build/STM32F429IDISCO/TouchGFX/generated/gui_generated/src/screen1_screen/Screen1ViewBase.o
                0x08000710                touchgfx::Drawable::setWidth(short)
 .text._ZN8touchgfx8Drawable9setHeightEs
                0x08000714        0x4 TouchGFX/build/STM32F429IDISCO/TouchGFX/generated/gui_generated/src/screen1_screen/Screen1ViewBase.o
                0x08000714                touchgfx::Drawable::setHeight(short)
 .text._ZN8touchgfx8Drawable20childGeometryChangedEv
                0x08000718        0x2 TouchGFX/build/STM32F429IDISCO/TouchGFX/generated/gui_generated/src/screen1_screen/Screen1ViewBase.o
                0x08000718                touchgfx::Drawable::childGeometryChanged()
 .text._ZN8touchgfx8Drawable16handleClickEventERKNS_10ClickEventE
                0x0800071a        0x2 TouchGFX/build/STM32F429IDISCO/TouchGFX/generated/gui_generated/src/screen1_screen/Screen1ViewBase.o
                0x0800071a                touchgfx::Drawable::handleClickEvent(touchgfx::ClickEvent const&)
 .text._ZN8touchgfx8Drawable18handleGestureEventERKNS_12GestureEventE
                0x0800071c        0x2 TouchGFX/build/STM32F429IDISCO/TouchGFX/generated/gui_generated/src/screen1_screen/Screen1ViewBase.o
                0x0800071c                touchgfx::Drawable::handleGestureEvent(touchgfx::GestureEvent const&)
 .text._ZN8touchgfx8Drawable15handleDragEventERKNS_9DragEventE
                0x0800071e        0x2 TouchGFX/build/STM32F429IDISCO/TouchGFX/generated/gui_generated/src/screen1_screen/Screen1ViewBase.o
                0x0800071e                touchgfx::Drawable::handleDragEvent(touchgfx::DragEvent const&)
 .text._ZN8touchgfx8Drawable15handleTickEventEv
                0x08000720        0x2 TouchGFX/build/STM32F429IDISCO/TouchGFX/generated/gui_generated/src/screen1_screen/Screen1ViewBase.o
                0x08000720                touchgfx::Drawable::handleTickEvent()
 .text._ZN8touchgfx8Drawable6moveToEss
                0x08000722       0x18 TouchGFX/build/STM32F429IDISCO/TouchGFX/generated/gui_generated/src/screen1_screen/Screen1ViewBase.o
                0x08000722                touchgfx::Drawable::moveTo(short, short)
 .text._ZN8touchgfx8Drawable14setupDrawChainERKNS_4RectEPPS0_
                0x0800073a       0x14 TouchGFX/build/STM32F429IDISCO/TouchGFX/generated/gui_generated/src/screen1_screen/Screen1ViewBase.o
                0x0800073a                touchgfx::Drawable::setupDrawChain(touchgfx::Rect const&, touchgfx::Drawable**)
 .text._ZN8touchgfx9Container13getFirstChildEv
                0x0800074e        0x4 TouchGFX/build/STM32F429IDISCO/TouchGFX/generated/gui_generated/src/screen1_screen/Screen1ViewBase.o
                0x0800074e                touchgfx::Container::getFirstChild()
 .text._ZN8touchgfx6Screen11setupScreenEv
                0x08000752        0x2 TouchGFX/build/STM32F429IDISCO/TouchGFX/generated/gui_generated/src/screen1_screen/Screen1ViewBase.o
                0x08000752                touchgfx::Screen::setupScreen()
 .text._ZN8touchgfx6Screen14tearDownScreenEv
                0x08000754        0x2 TouchGFX/build/STM32F429IDISCO/TouchGFX/generated/gui_generated/src/screen1_screen/Screen1ViewBase.o
                0x08000754                touchgfx::Screen::tearDownScreen()
 .text._ZN8touchgfx6Screen15handleTickEventEv
                0x08000756        0x2 TouchGFX/build/STM32F429IDISCO/TouchGFX/generated/gui_generated/src/screen1_screen/Screen1ViewBase.o
                0x08000756                touchgfx::Screen::handleTickEvent()
 .text._ZN8touchgfx6Widget12getLastChildEssPPNS_8DrawableE
                0x08000758       0x10 TouchGFX/build/STM32F429IDISCO/TouchGFX/generated/gui_generated/src/screen1_screen/Screen1ViewBase.o
                0x08000758                touchgfx::Widget::getLastChild(short, short, touchgfx::Drawable**)
 .text._ZN15Screen1ViewBaseD2Ev
                0x08000768        0x2 TouchGFX/build/STM32F429IDISCO/TouchGFX/generated/gui_generated/src/screen1_screen/Screen1ViewBase.o
                0x08000768                Screen1ViewBase::~Screen1ViewBase()
                0x08000768                Screen1ViewBase::~Screen1ViewBase()
 .text._ZN15Screen1ViewBase11setupScreenEv
                0x0800076a        0x2 TouchGFX/build/STM32F429IDISCO/TouchGFX/generated/gui_generated/src/screen1_screen/Screen1ViewBase.o
                0x0800076a                Screen1ViewBase::setupScreen()
 .text._ZN8touchgfx21GraphWrapAndOverwriteILs320EED2Ev
                0x0800076c        0x2 TouchGFX/build/STM32F429IDISCO/TouchGFX/generated/gui_generated/src/screen1_screen/Screen1ViewBase.o
                0x0800076c                touchgfx::GraphWrapAndOverwrite<(short)320>::~GraphWrapAndOverwrite()
                0x0800076c                touchgfx::GraphWrapAndOverwrite<(short)320>::~GraphWrapAndOverwrite()
 .text._ZN8touchgfx21GraphWrapAndOverwriteILs320EED0Ev
                0x0800076e       0x10 TouchGFX/build/STM32F429IDISCO/TouchGFX/generated/gui_generated/src/screen1_screen/Screen1ViewBase.o
                0x0800076e                touchgfx::GraphWrapAndOverwrite<(short)320>::~GraphWrapAndOverwrite()
 .text._ZN15Screen1ViewBaseD0Ev
                0x0800077e       0x10 TouchGFX/build/STM32F429IDISCO/TouchGFX/generated/gui_generated/src/screen1_screen/Screen1ViewBase.o
                0x0800077e                Screen1ViewBase::~Screen1ViewBase()
 .text._ZN8touchgfx8Drawable11setPositionEssss
                0x0800078e       0x36 TouchGFX/build/STM32F429IDISCO/TouchGFX/generated/gui_generated/src/screen1_screen/Screen1ViewBase.o
                0x0800078e                touchgfx::Drawable::setPosition(short, short, short, short)
 .text._ZN8touchgfx3BoxC2Ev
                0x080007c4       0x38 TouchGFX/build/STM32F429IDISCO/TouchGFX/generated/gui_generated/src/screen1_screen/Screen1ViewBase.o
                0x080007c4                touchgfx::Box::Box()
                0x080007c4                touchgfx::Box::Box()
 .text._ZN8touchgfx21AbstractPainterRGB565C2Ev
                0x080007fc       0x68 TouchGFX/build/STM32F429IDISCO/TouchGFX/generated/gui_generated/src/screen1_screen/Screen1ViewBase.o
                0x080007fc                touchgfx::AbstractPainterRGB565::AbstractPainterRGB565()
                0x080007fc                touchgfx::AbstractPainterRGB565::AbstractPainterRGB565()
 .text._ZN15Screen1ViewBaseC2Ev
                0x08000864     0x1344 TouchGFX/build/STM32F429IDISCO/TouchGFX/generated/gui_generated/src/screen1_screen/Screen1ViewBase.o
                0x08000864                Screen1ViewBase::Screen1ViewBase()
                0x08000864                Screen1ViewBase::Screen1ViewBase()
 .text._ZN8touchgfx10Transition8tearDownEv
                0x08001ba8        0x2 TouchGFX/build/STM32F429IDISCO/TouchGFX/generated/gui_generated/src/common/FrontendApplicationBase.o
                0x08001ba8                touchgfx::Transition::tearDown()
 .text._ZN8touchgfx10Transition4initEv
                0x08001baa        0x2 TouchGFX/build/STM32F429IDISCO/TouchGFX/generated/gui_generated/src/common/FrontendApplicationBase.o
                0x08001baa                touchgfx::Transition::init()
 .text._ZN8touchgfx10Transition18setScreenContainerERNS_9ContainerE
                0x08001bac        0x4 TouchGFX/build/STM32F429IDISCO/TouchGFX/generated/gui_generated/src/common/FrontendApplicationBase.o
                0x08001bac                touchgfx::Transition::setScreenContainer(touchgfx::Container&)
 .text._ZN23FrontendApplicationBaseD2Ev
                0x08001bb0        0x2 TouchGFX/build/STM32F429IDISCO/TouchGFX/generated/gui_generated/src/common/FrontendApplicationBase.o
                0x08001bb0                FrontendApplicationBase::~FrontendApplicationBase()
                0x08001bb0                FrontendApplicationBase::~FrontendApplicationBase()
 .text._ZN8touchgfx12NoTransition15handleTickEventEv
                0x08001bb2        0x6 TouchGFX/build/STM32F429IDISCO/TouchGFX/generated/gui_generated/src/common/FrontendApplicationBase.o
                0x08001bb2                touchgfx::NoTransition::handleTickEvent()
 .text._ZN8touchgfx12NoTransitionD2Ev
                0x08001bb8        0x2 TouchGFX/build/STM32F429IDISCO/TouchGFX/generated/gui_generated/src/common/FrontendApplicationBase.o
                0x08001bb8                touchgfx::NoTransition::~NoTransition()
                0x08001bb8                touchgfx::NoTransition::~NoTransition()
 .text._ZN8touchgfx8CallbackI23FrontendApplicationBasevvvED2Ev
                0x08001bba        0x2 TouchGFX/build/STM32F429IDISCO/TouchGFX/generated/gui_generated/src/common/FrontendApplicationBase.o
                0x08001bba                touchgfx::Callback<FrontendApplicationBase, void, void, void>::~Callback()
                0x08001bba                touchgfx::Callback<FrontendApplicationBase, void, void, void>::~Callback()
 .text._ZN8touchgfx8CallbackI23FrontendApplicationBasevvvE7executeEv
                0x08001bbc       0x20 TouchGFX/build/STM32F429IDISCO/TouchGFX/generated/gui_generated/src/common/FrontendApplicationBase.o
                0x08001bbc                touchgfx::Callback<FrontendApplicationBase, void, void, void>::execute()
 .text._ZNK8touchgfx8CallbackI23FrontendApplicationBasevvvE7isValidEv
                0x08001bdc       0x18 TouchGFX/build/STM32F429IDISCO/TouchGFX/generated/gui_generated/src/common/FrontendApplicationBase.o
                0x08001bdc                touchgfx::Callback<FrontendApplicationBase, void, void, void>::isValid() const
 .text._ZN8touchgfx12NoTransitionD0Ev
                0x08001bf4        0xe TouchGFX/build/STM32F429IDISCO/TouchGFX/generated/gui_generated/src/common/FrontendApplicationBase.o
                0x08001bf4                touchgfx::NoTransition::~NoTransition()
 .text._ZN23FrontendApplicationBaseD0Ev
                0x08001c02       0x10 TouchGFX/build/STM32F429IDISCO/TouchGFX/generated/gui_generated/src/common/FrontendApplicationBase.o
                0x08001c02                FrontendApplicationBase::~FrontendApplicationBase()
 .text._ZN8touchgfx8CallbackI23FrontendApplicationBasevvvED0Ev
                0x08001c12        0xe TouchGFX/build/STM32F429IDISCO/TouchGFX/generated/gui_generated/src/common/FrontendApplicationBase.o
                0x08001c12                touchgfx::Callback<FrontendApplicationBase, void, void, void>::~Callback()
 .text._ZN8touchgfx10Transition10invalidateEv
                0x08001c20       0x10 TouchGFX/build/STM32F429IDISCO/TouchGFX/generated/gui_generated/src/common/FrontendApplicationBase.o
                0x08001c20                touchgfx::Transition::invalidate()
 .text._ZN23FrontendApplicationBaseC2ER5ModelR12FrontendHeap
                0x08001c30       0x68 TouchGFX/build/STM32F429IDISCO/TouchGFX/generated/gui_generated/src/common/FrontendApplicationBase.o
                0x08001c30                FrontendApplicationBase::FrontendApplicationBase(Model&, FrontendHeap&)
                0x08001c30                FrontendApplicationBase::FrontendApplicationBase(Model&, FrontendHeap&)
 .text._ZN23FrontendApplicationBase29gotoScreen1ScreenNoTransitionEv
                0x08001c98       0x20 TouchGFX/build/STM32F429IDISCO/TouchGFX/generated/gui_generated/src/common/FrontendApplicationBase.o
                0x08001c98                FrontendApplicationBase::gotoScreen1ScreenNoTransition()
 .text._ZN8touchgfx14makeTransitionI11Screen1View16Screen1PresenterNS_12NoTransitionE5ModelEEPT0_PPNS_6ScreenEPPNS_9PresenterERNS_7MVPHeapEPPNS_10TransitionEPT2_
                0x08001cb8      0x140 TouchGFX/build/STM32F429IDISCO/TouchGFX/generated/gui_generated/src/common/FrontendApplicationBase.o
                0x08001cb8                Screen1Presenter* touchgfx::makeTransition<Screen1View, Screen1Presenter, touchgfx::NoTransition, Model>(touchgfx::Screen**, touchgfx::Presenter**, touchgfx::MVPHeap&, touchgfx::Transition**, Model*)
 .text._ZN23FrontendApplicationBase33gotoScreen1ScreenNoTransitionImplEv
                0x08001df8       0x28 TouchGFX/build/STM32F429IDISCO/TouchGFX/generated/gui_generated/src/common/FrontendApplicationBase.o
                0x08001df8                FrontendApplicationBase::gotoScreen1ScreenNoTransitionImpl()
 .text._ZNK8touchgfx4Font8getGlyphEt
                0x08001e20       0x1e TouchGFX/build/STM32F429IDISCO/TouchGFX/generated/fonts/src/GeneratedFont.o
                0x08001e20                touchgfx::Font::getGlyph(unsigned short) const
 .text._ZNK8touchgfx4Font15getFallbackCharEv
                0x08001e3e        0x4 TouchGFX/build/STM32F429IDISCO/TouchGFX/generated/fonts/src/GeneratedFont.o
                0x08001e3e                touchgfx::Font::getFallbackChar() const
 .text._ZNK8touchgfx4Font15getEllipsisCharEv
                0x08001e42        0x4 TouchGFX/build/STM32F429IDISCO/TouchGFX/generated/fonts/src/GeneratedFont.o
                0x08001e42                touchgfx::Font::getEllipsisChar() const
 .text._ZNK8touchgfx4Font13getFontHeightEv
                0x08001e46        0x4 TouchGFX/build/STM32F429IDISCO/TouchGFX/generated/fonts/src/GeneratedFont.o
                0x08001e46                touchgfx::Font::getFontHeight() const
 .text._ZNK8touchgfx4Font20getMinimumTextHeightEv
                0x08001e4a        0xa TouchGFX/build/STM32F429IDISCO/TouchGFX/generated/fonts/src/GeneratedFont.o
                0x08001e4a                touchgfx::Font::getMinimumTextHeight() const
 .text._ZNK8touchgfx4Font15getBitsPerPixelEv
                0x08001e54        0x8 TouchGFX/build/STM32F429IDISCO/TouchGFX/generated/fonts/src/GeneratedFont.o
                0x08001e54                touchgfx::Font::getBitsPerPixel() const
 .text._ZNK8touchgfx4Font15getByteAlignRowEv
                0x08001e5c        0x6 TouchGFX/build/STM32F429IDISCO/TouchGFX/generated/fonts/src/GeneratedFont.o
                0x08001e5c                touchgfx::Font::getByteAlignRow() const
 .text._ZNK8touchgfx13GeneratedFont12getGSUBTableEv
                0x08001e62        0x4 TouchGFX/build/STM32F429IDISCO/TouchGFX/generated/fonts/src/GeneratedFont.o
                0x08001e62                touchgfx::GeneratedFont::getGSUBTable() const
 .text._ZNK8touchgfx13GeneratedFont23getContextualFormsTableEv
                0x08001e66        0x4 TouchGFX/build/STM32F429IDISCO/TouchGFX/generated/fonts/src/GeneratedFont.o
                0x08001e66                touchgfx::GeneratedFont::getContextualFormsTable() const
 .text._ZN8touchgfx13GeneratedFontD2Ev
                0x08001e6a        0x2 TouchGFX/build/STM32F429IDISCO/TouchGFX/generated/fonts/src/GeneratedFont.o
                0x08001e6a                touchgfx::GeneratedFont::~GeneratedFont()
                0x08001e6a                touchgfx::GeneratedFont::~GeneratedFont()
 .text._ZNK8touchgfx13GeneratedFont12getPixelDataEPKNS_9GlyphNodeE
                0x08001e6c       0x10 TouchGFX/build/STM32F429IDISCO/TouchGFX/generated/fonts/src/GeneratedFont.o
                0x08001e6c                touchgfx::GeneratedFont::getPixelData(touchgfx::GlyphNode const*) const
 .text._ZNK8touchgfx13GeneratedFont10getKerningEtPKNS_9GlyphNodeE
                0x08001e7c       0x3a TouchGFX/build/STM32F429IDISCO/TouchGFX/generated/fonts/src/GeneratedFont.o
                0x08001e7c                touchgfx::GeneratedFont::getKerning(unsigned short, touchgfx::GlyphNode const*) const
 .text._ZN8touchgfx13GeneratedFontD0Ev
                0x08001eb6        0xe TouchGFX/build/STM32F429IDISCO/TouchGFX/generated/fonts/src/GeneratedFont.o
                0x08001eb6                touchgfx::GeneratedFont::~GeneratedFont()
 .text._ZN8touchgfx13GeneratedFontC2EPKNS_9GlyphNodeEtthhhhhPKPKhPKNS_11KerningNodeEttPKtPKNS_24FontContextualFormsTableE
                0x08001ec4       0x54 TouchGFX/build/STM32F429IDISCO/TouchGFX/generated/fonts/src/GeneratedFont.o
                0x08001ec4                touchgfx::GeneratedFont::GeneratedFont(touchgfx::GlyphNode const*, unsigned short, unsigned short, unsigned char, unsigned char, unsigned char, unsigned char, unsigned char, unsigned char const* const*, touchgfx::KerningNode const*, unsigned short, unsigned short, unsigned short const*, touchgfx::FontContextualFormsTable const*)
                0x08001ec4                touchgfx::GeneratedFont::GeneratedFont(touchgfx::GlyphNode const*, unsigned short, unsigned short, unsigned char, unsigned char, unsigned char, unsigned char, unsigned char, unsigned char const* const*, touchgfx::KerningNode const*, unsigned short, unsigned short, unsigned short const*, touchgfx::FontContextualFormsTable const*)
 .text._Z23getFont_verdana_10_4bppv
                0x08001f18       0x78 TouchGFX/build/STM32F429IDISCO/TouchGFX/generated/fonts/src/Table_verdana_10_4bpp.o
                0x08001f18                getFont_verdana_10_4bpp()
 .text._Z23getFont_verdana_40_4bppv
                0x08001f90       0x78 TouchGFX/build/STM32F429IDISCO/TouchGFX/generated/fonts/src/Table_verdana_40_4bpp.o
                0x08001f90                getFont_verdana_40_4bpp()
 .text._Z23getFont_verdana_20_4bppv
                0x08002008       0x78 TouchGFX/build/STM32F429IDISCO/TouchGFX/generated/fonts/src/Table_verdana_20_4bpp.o
                0x08002008                getFont_verdana_20_4bpp()
 .text._ZN23ApplicationFontProviderD2Ev
                0x08002080        0x2 TouchGFX/build/STM32F429IDISCO/TouchGFX/generated/fonts/src/ApplicationFontProvider.o
                0x08002080                ApplicationFontProvider::~ApplicationFontProvider()
                0x08002080                ApplicationFontProvider::~ApplicationFontProvider()
 .text._ZN23ApplicationFontProviderD0Ev
                0x08002082        0xe TouchGFX/build/STM32F429IDISCO/TouchGFX/generated/fonts/src/ApplicationFontProvider.o
                0x08002082                ApplicationFontProvider::~ApplicationFontProvider()
 .text._ZN23ApplicationFontProvider7getFontEt
                0x08002090       0x28 TouchGFX/build/STM32F429IDISCO/TouchGFX/generated/fonts/src/ApplicationFontProvider.o
                0x08002090                ApplicationFontProvider::getFont(unsigned short)
 .text._ZN14BitmapDatabase11getInstanceEv
                0x080020b8        0x8 TouchGFX/build/STM32F429IDISCO/TouchGFX/generated/images/src/BitmapDatabase.o
                0x080020b8                BitmapDatabase::getInstance()
 .text._ZN14BitmapDatabase15getInstanceSizeEv
                0x080020c0        0x4 TouchGFX/build/STM32F429IDISCO/TouchGFX/generated/images/src/BitmapDatabase.o
                0x080020c0                BitmapDatabase::getInstanceSize()
 .text._ZN17TypedTextDatabase15getInstanceSizeEv
                0x080020c4        0x4 TouchGFX/build/STM32F429IDISCO/TouchGFX/generated/texts/src/TypedTextDatabase.o
                0x080020c4                TypedTextDatabase::getInstanceSize()
 .text._ZN17TypedTextDatabase8getFontsEv
                0x080020c8        0x8 TouchGFX/build/STM32F429IDISCO/TouchGFX/generated/texts/src/TypedTextDatabase.o
                0x080020c8                TypedTextDatabase::getFonts()
 .text.startup._GLOBAL__sub_I_touchgfx_fonts
                0x080020d0       0x1c TouchGFX/build/STM32F429IDISCO/TouchGFX/generated/texts/src/TypedTextDatabase.o
 .text._ZNK8touchgfx4Font12getGSUBTableEv
                0x080020ec        0x4 TouchGFX/build/STM32F429IDISCO/TouchGFX/generated/texts/src/Texts.o
                0x080020ec                touchgfx::Font::getGSUBTable() const
 .text._ZNK8touchgfx4Font23getContextualFormsTableEv
                0x080020f0        0x4 TouchGFX/build/STM32F429IDISCO/TouchGFX/generated/texts/src/Texts.o
                0x080020f0                touchgfx::Font::getContextualFormsTable() const
 .text._ZNK8touchgfx4Font14getStringWidthEPKtz
                0x080020f4       0x1c TouchGFX/build/STM32F429IDISCO/TouchGFX/generated/texts/src/Texts.o
                0x080020f4                touchgfx::Font::getStringWidth(unsigned short const*, ...) const
 .text._ZNK8touchgfx4Font14getStringWidthEhPKtz
                0x08002110       0x1a TouchGFX/build/STM32F429IDISCO/TouchGFX/generated/texts/src/Texts.o
                0x08002110                touchgfx::Font::getStringWidth(unsigned char, unsigned short const*, ...) const
 *fill*         0x0800212a        0x2 
 .text._ZN8touchgfx12TextProvider15getNextLigatureEh
                0x0800212c       0x84 TouchGFX/build/STM32F429IDISCO/TouchGFX/generated/texts/src/Texts.o
                0x0800212c                touchgfx::TextProvider::getNextLigature(unsigned char)
 .text._ZN8touchgfx12TextProvider18initializeInternalEv
                0x080021b0        0x4 TouchGFX/build/STM32F429IDISCO/TouchGFX/generated/texts/src/Texts.o
                0x080021b0                touchgfx::TextProvider::initializeInternal()
 .text._ZN8touchgfx5Texts11setLanguageEt
                0x080021b4       0x70 TouchGFX/build/STM32F429IDISCO/TouchGFX/generated/texts/src/Texts.o
                0x080021b4                touchgfx::Texts::setLanguage(unsigned short)
 .text._ZN8touchgfx3HAL21setDisplayOrientationENS_18DisplayOrientationE
                0x08002224        0xc TouchGFX/build/STM32F429IDISCO/TouchGFX/target/generated/TouchGFXGeneratedHAL.o
                0x08002224                touchgfx::HAL::setDisplayOrientation(touchgfx::DisplayOrientation)
 .text._ZN8touchgfx3HAL9sampleKeyERh
                0x08002230        0x4 TouchGFX/build/STM32F429IDISCO/TouchGFX/target/generated/TouchGFXGeneratedHAL.o
                0x08002230                touchgfx::HAL::sampleKey(unsigned char&)
 .text._ZNK8touchgfx3HAL18getFlashDataReaderEv
                0x08002234        0x4 TouchGFX/build/STM32F429IDISCO/TouchGFX/target/generated/TouchGFXGeneratedHAL.o
                0x08002234                touchgfx::HAL::getFlashDataReader() const
 .text._ZN8touchgfx3HAL9taskDelayEt
                0x08002238        0xa TouchGFX/build/STM32F429IDISCO/TouchGFX/target/generated/TouchGFXGeneratedHAL.o
                0x08002238                touchgfx::HAL::taskDelay(unsigned short)
 .text._ZN8touchgfx3HAL17getTFTCurrentLineEv
                0x08002242        0x6 TouchGFX/build/STM32F429IDISCO/TouchGFX/target/generated/TouchGFXGeneratedHAL.o
                0x08002242                touchgfx::HAL::getTFTCurrentLine()
 .text._ZN8touchgfx3HAL10getDMATypeEv
                0x08002248        0x8 TouchGFX/build/STM32F429IDISCO/TouchGFX/target/generated/TouchGFXGeneratedHAL.o
                0x08002248                touchgfx::HAL::getDMAType()
 .text._ZN8touchgfx3HAL15InvalidateCacheEv
                0x08002250        0x2 TouchGFX/build/STM32F429IDISCO/TouchGFX/target/generated/TouchGFXGeneratedHAL.o
                0x08002250                touchgfx::HAL::InvalidateCache()
 .text._ZN8touchgfx3HAL10FlushCacheEv
                0x08002252        0x2 TouchGFX/build/STM32F429IDISCO/TouchGFX/target/generated/TouchGFXGeneratedHAL.o
                0x08002252                touchgfx::HAL::FlushCache()
 .text._ZN20TouchGFXGeneratedHAL19configureInterruptsEv
                0x08002254       0x14 TouchGFX/build/STM32F429IDISCO/TouchGFX/target/generated/TouchGFXGeneratedHAL.o
                0x08002254                TouchGFXGeneratedHAL::configureInterrupts()
 .text._ZN20TouchGFXGeneratedHAL28enableLCDControllerInterruptEv
                0x08002268       0x34 TouchGFX/build/STM32F429IDISCO/TouchGFX/target/generated/TouchGFXGeneratedHAL.o
                0x08002268                TouchGFXGeneratedHAL::enableLCDControllerInterrupt()
 .text._ZNK20TouchGFXGeneratedHAL17getTFTFrameBufferEv
                0x0800229c        0xc TouchGFX/build/STM32F429IDISCO/TouchGFX/target/generated/TouchGFXGeneratedHAL.o
                0x0800229c                TouchGFXGeneratedHAL::getTFTFrameBuffer() const
 .text._ZN20TouchGFXGeneratedHAL17setTFTFrameBufferEPt
                0x080022a8       0x10 TouchGFX/build/STM32F429IDISCO/TouchGFX/target/generated/TouchGFXGeneratedHAL.o
                0x080022a8                TouchGFXGeneratedHAL::setTFTFrameBuffer(unsigned short*)
 .text._ZN20TouchGFXGeneratedHAL10initializeEv
                0x080022b8       0x34 TouchGFX/build/STM32F429IDISCO/TouchGFX/target/generated/TouchGFXGeneratedHAL.o
                0x080022b8                TouchGFXGeneratedHAL::initialize()
 .text._ZN8touchgfx3HAL28setFrameBufferStartAddressesEPvS1_S1_
                0x080022ec       0x44 TouchGFX/build/STM32F429IDISCO/TouchGFX/target/generated/TouchGFXGeneratedHAL.o
                0x080022ec                touchgfx::HAL::setFrameBufferStartAddresses(void*, void*, void*)
 .text._ZN20TouchGFXGeneratedHAL10beginFrameEv
                0x08002330        0x4 TouchGFX/build/STM32F429IDISCO/TouchGFX/target/generated/TouchGFXGeneratedHAL.o
                0x08002330                TouchGFXGeneratedHAL::beginFrame()
 .text._ZN20TouchGFXGeneratedHAL8endFrameEv
                0x08002334        0x4 TouchGFX/build/STM32F429IDISCO/TouchGFX/target/generated/TouchGFXGeneratedHAL.o
                0x08002334                TouchGFXGeneratedHAL::endFrame()
 .text._ZN20TouchGFXGeneratedHAL16flushFrameBufferERKN8touchgfx4RectE
                0x08002338        0x4 TouchGFX/build/STM32F429IDISCO/TouchGFX/target/generated/TouchGFXGeneratedHAL.o
                0x08002338                TouchGFXGeneratedHAL::flushFrameBuffer(touchgfx::Rect const&)
 .text._ZN20TouchGFXGeneratedHAL9blockCopyEPvPKvm
                0x0800233c        0x4 TouchGFX/build/STM32F429IDISCO/TouchGFX/target/generated/TouchGFXGeneratedHAL.o
                0x0800233c                TouchGFXGeneratedHAL::blockCopy(void*, void const*, unsigned long)
 .text._ZN8touchgfx3HAL15backPorchExitedEv
                0x08002340       0x16 TouchGFX/build/STM32F429IDISCO/TouchGFX/target/generated/TouchGFXGeneratedHAL.o
                0x08002340                touchgfx::HAL::backPorchExited()
 .text._ZN8touchgfx3HAL11getBlitCapsEv
                0x08002356       0x12 TouchGFX/build/STM32F429IDISCO/TouchGFX/target/generated/TouchGFXGeneratedHAL.o
                0x08002356                touchgfx::HAL::getBlitCaps()
 .text._ZN8touchgfx3HAL31performDisplayOrientationChangeEv
                0x08002368       0x60 TouchGFX/build/STM32F429IDISCO/TouchGFX/target/generated/TouchGFXGeneratedHAL.o
                0x08002368                touchgfx::HAL::performDisplayOrientationChange()
 .text._ZN20TouchGFXGeneratedHAL16enableInterruptsEv
                0x080023c8       0x14 TouchGFX/build/STM32F429IDISCO/TouchGFX/target/generated/TouchGFXGeneratedHAL.o
                0x080023c8                TouchGFXGeneratedHAL::enableInterrupts()
 .text._ZN20TouchGFXGeneratedHAL17disableInterruptsEv
                0x080023dc       0x28 TouchGFX/build/STM32F429IDISCO/TouchGFX/target/generated/TouchGFXGeneratedHAL.o
                0x080023dc                TouchGFXGeneratedHAL::disableInterrupts()
 .text.HAL_LTDC_LineEventCallback
                0x08002404       0x60 TouchGFX/build/STM32F429IDISCO/TouchGFX/target/generated/TouchGFXGeneratedHAL.o
                0x08002404                HAL_LTDC_LineEventCallback
 .text._ZN8touchgfx13DMA_Interface5flushEv
                0x08002464        0x6 TouchGFX/build/STM32F429IDISCO/TouchGFX/target/generated/STM32DMA.o
                0x08002464                touchgfx::DMA_Interface::flush()
 .text._ZN10STM32F4DMA10getDMATypeEv
                0x0800246a        0x4 TouchGFX/build/STM32F429IDISCO/TouchGFX/target/generated/STM32DMA.o
                0x0800246a                STM32F4DMA::getDMAType()
 .text._ZN10STM32F4DMA18signalDMAInterruptEv
                0x0800246e        0x6 TouchGFX/build/STM32F429IDISCO/TouchGFX/target/generated/STM32DMA.o
                0x0800246e                STM32F4DMA::signalDMAInterrupt()
 .text._ZN10STM32F4DMA10initializeEv
                0x08002474       0x4c TouchGFX/build/STM32F429IDISCO/TouchGFX/target/generated/STM32DMA.o
                0x08002474                STM32F4DMA::initialize()
 .text._ZN10STM32F4DMA11getBlitCapsEv
                0x080024c0        0x6 TouchGFX/build/STM32F429IDISCO/TouchGFX/target/generated/STM32DMA.o
                0x080024c0                STM32F4DMA::getBlitCaps()
 *fill*         0x080024c6        0x2 
 .text.DMA2D_XferCpltCallback
                0x080024c8       0x10 TouchGFX/build/STM32F429IDISCO/TouchGFX/target/generated/STM32DMA.o
 .text._ZN10STM32F4DMA22getChromARTInputFormatEN8touchgfx6Bitmap12BitmapFormatE.isra.1
                0x080024d8       0x40 TouchGFX/build/STM32F429IDISCO/TouchGFX/target/generated/STM32DMA.o
 .text._ZN10STM32F4DMA23getChromARTOutputFormatEN8touchgfx6Bitmap12BitmapFormatE.isra.3
                0x08002518       0x3c TouchGFX/build/STM32F429IDISCO/TouchGFX/target/generated/STM32DMA.o
 .text._ZN10STM32F4DMA13setupDataCopyERKN8touchgfx6BlitOpE
                0x08002554      0x188 TouchGFX/build/STM32F429IDISCO/TouchGFX/target/generated/STM32DMA.o
                0x08002554                STM32F4DMA::setupDataCopy(touchgfx::BlitOp const&)
 .text._ZN10STM32F4DMA13setupDataFillERKN8touchgfx6BlitOpE
                0x080026dc       0xb0 TouchGFX/build/STM32F429IDISCO/TouchGFX/target/generated/STM32DMA.o
                0x080026dc                STM32F4DMA::setupDataFill(touchgfx::BlitOp const&)
 .text._ZN10STM32F4DMAD2Ev
                0x0800278c       0x20 TouchGFX/build/STM32F429IDISCO/TouchGFX/target/generated/STM32DMA.o
                0x0800278c                STM32F4DMA::~STM32F4DMA()
                0x0800278c                STM32F4DMA::~STM32F4DMA()
 .text._ZN10STM32F4DMAD0Ev
                0x080027ac       0x16 TouchGFX/build/STM32F429IDISCO/TouchGFX/target/generated/STM32DMA.o
                0x080027ac                STM32F4DMA::~STM32F4DMA()
 *fill*         0x080027c2        0x2 
 .text._ZN10STM32F4DMAC2Ev
                0x080027c4       0x34 TouchGFX/build/STM32F429IDISCO/TouchGFX/target/generated/STM32DMA.o
                0x080027c4                STM32F4DMA::STM32F4DMA()
                0x080027c4                STM32F4DMA::STM32F4DMA()
 .text._ZN8touchgfx10OSWrappers10initializeEv
                0x080027f8       0x50 TouchGFX/build/STM32F429IDISCO/TouchGFX/target/generated/OSWrappers.o
                0x080027f8                touchgfx::OSWrappers::initialize()
 .text._ZN8touchgfx10OSWrappers24takeFrameBufferSemaphoreEv
                0x08002848       0x10 TouchGFX/build/STM32F429IDISCO/TouchGFX/target/generated/OSWrappers.o
                0x08002848                touchgfx::OSWrappers::takeFrameBufferSemaphore()
 .text._ZN8touchgfx10OSWrappers24giveFrameBufferSemaphoreEv
                0x08002858        0xc TouchGFX/build/STM32F429IDISCO/TouchGFX/target/generated/OSWrappers.o
                0x08002858                touchgfx::OSWrappers::giveFrameBufferSemaphore()
 .text._ZN8touchgfx10OSWrappers27tryTakeFrameBufferSemaphoreEv
                0x08002864       0x10 TouchGFX/build/STM32F429IDISCO/TouchGFX/target/generated/OSWrappers.o
                0x08002864                touchgfx::OSWrappers::tryTakeFrameBufferSemaphore()
 .text._ZN8touchgfx10OSWrappers31giveFrameBufferSemaphoreFromISREv
                0x08002874        0x4 TouchGFX/build/STM32F429IDISCO/TouchGFX/target/generated/OSWrappers.o
                0x08002874                touchgfx::OSWrappers::giveFrameBufferSemaphoreFromISR()
 .text._ZN8touchgfx10OSWrappers11signalVSyncEv
                0x08002878       0x18 TouchGFX/build/STM32F429IDISCO/TouchGFX/target/generated/OSWrappers.o
                0x08002878                touchgfx::OSWrappers::signalVSync()
 .text._ZN8touchgfx10OSWrappers12waitForVSyncEv
                0x08002890       0x28 TouchGFX/build/STM32F429IDISCO/TouchGFX/target/generated/OSWrappers.o
                0x08002890                touchgfx::OSWrappers::waitForVSync()
 .text._ZN8touchgfx10OSWrappers9taskYieldEv
                0x080028b8        0x4 TouchGFX/build/STM32F429IDISCO/TouchGFX/target/generated/OSWrappers.o
                0x080028b8                touchgfx::OSWrappers::taskYield()
 .text._ZN20STM32TouchControllerD2Ev
                0x080028bc        0x2 TouchGFX/build/STM32F429IDISCO/TouchGFX/target/generated/TouchGFXConfiguration.o
                0x080028bc                STM32TouchController::~STM32TouchController()
                0x080028bc                STM32TouchController::~STM32TouchController()
 .text._ZN8touchgfx8LCD16bppD2Ev
                0x080028be        0x2 TouchGFX/build/STM32F429IDISCO/TouchGFX/target/generated/TouchGFXConfiguration.o
                0x080028be                touchgfx::LCD16bpp::~LCD16bpp()
                0x080028be                touchgfx::LCD16bpp::~LCD16bpp()
 .text._ZN11TouchGFXHALD2Ev
                0x080028c0        0x2 TouchGFX/build/STM32F429IDISCO/TouchGFX/target/generated/TouchGFXConfiguration.o
                0x080028c0                TouchGFXHAL::~TouchGFXHAL()
                0x080028c0                TouchGFXHAL::~TouchGFXHAL()
 .text._ZNK8touchgfx9PartitionINS_4meta8TypeListINS_12NoTransitionENS2_INS1_3NilES4_EEEELt1EE8capacityEv
                0x080028c2        0x4 TouchGFX/build/STM32F429IDISCO/TouchGFX/target/generated/TouchGFXConfiguration.o
                0x080028c2                touchgfx::Partition<touchgfx::meta::TypeList<touchgfx::NoTransition, touchgfx::meta::TypeList<touchgfx::meta::Nil, touchgfx::meta::Nil> >, (unsigned short)1>::capacity() const
 .text._ZN8touchgfx9PartitionINS_4meta8TypeListINS_12NoTransitionENS2_INS1_3NilES4_EEEELt1EE12element_sizeEv
                0x080028c6        0x4 TouchGFX/build/STM32F429IDISCO/TouchGFX/target/generated/TouchGFXConfiguration.o
                0x080028c6                touchgfx::Partition<touchgfx::meta::TypeList<touchgfx::NoTransition, touchgfx::meta::TypeList<touchgfx::meta::Nil, touchgfx::meta::Nil> >, (unsigned short)1>::element_size()
 .text._ZN8touchgfx9PartitionINS_4meta8TypeListINS_12NoTransitionENS2_INS1_3NilES4_EEEELt1EE7elementEt
                0x080028ca        0xa TouchGFX/build/STM32F429IDISCO/TouchGFX/target/generated/TouchGFXConfiguration.o
                0x080028ca                touchgfx::Partition<touchgfx::meta::TypeList<touchgfx::NoTransition, touchgfx::meta::TypeList<touchgfx::meta::Nil, touchgfx::meta::Nil> >, (unsigned short)1>::element(unsigned short)
 .text._ZNK8touchgfx9PartitionINS_4meta8TypeListINS_12NoTransitionENS2_INS1_3NilES4_EEEELt1EE7elementEt
                0x080028d4        0xa TouchGFX/build/STM32F429IDISCO/TouchGFX/target/generated/TouchGFXConfiguration.o
                0x080028d4                touchgfx::Partition<touchgfx::meta::TypeList<touchgfx::NoTransition, touchgfx::meta::TypeList<touchgfx::meta::Nil, touchgfx::meta::Nil> >, (unsigned short)1>::element(unsigned short) const
 .text._ZNK8touchgfx9PartitionINS_4meta8TypeListI11Screen1ViewNS2_INS1_3NilES4_EEEELt1EE8capacityEv
                0x080028de        0x4 TouchGFX/build/STM32F429IDISCO/TouchGFX/target/generated/TouchGFXConfiguration.o
                0x080028de                touchgfx::Partition<touchgfx::meta::TypeList<Screen1View, touchgfx::meta::TypeList<touchgfx::meta::Nil, touchgfx::meta::Nil> >, (unsigned short)1>::capacity() const
 .text._ZN8touchgfx9PartitionINS_4meta8TypeListI11Screen1ViewNS2_INS1_3NilES4_EEEELt1EE12element_sizeEv
                0x080028e2        0x6 TouchGFX/build/STM32F429IDISCO/TouchGFX/target/generated/TouchGFXConfiguration.o
                0x080028e2                touchgfx::Partition<touchgfx::meta::TypeList<Screen1View, touchgfx::meta::TypeList<touchgfx::meta::Nil, touchgfx::meta::Nil> >, (unsigned short)1>::element_size()
 .text._ZN8touchgfx9PartitionINS_4meta8TypeListI11Screen1ViewNS2_INS1_3NilES4_EEEELt1EE7elementEt
                0x080028e8        0xc TouchGFX/build/STM32F429IDISCO/TouchGFX/target/generated/TouchGFXConfiguration.o
                0x080028e8                touchgfx::Partition<touchgfx::meta::TypeList<Screen1View, touchgfx::meta::TypeList<touchgfx::meta::Nil, touchgfx::meta::Nil> >, (unsigned short)1>::element(unsigned short)
 .text._ZNK8touchgfx9PartitionINS_4meta8TypeListI11Screen1ViewNS2_INS1_3NilES4_EEEELt1EE7elementEt
                0x080028f4        0xc TouchGFX/build/STM32F429IDISCO/TouchGFX/target/generated/TouchGFXConfiguration.o
                0x080028f4                touchgfx::Partition<touchgfx::meta::TypeList<Screen1View, touchgfx::meta::TypeList<touchgfx::meta::Nil, touchgfx::meta::Nil> >, (unsigned short)1>::element(unsigned short) const
 .text._ZNK8touchgfx9PartitionINS_4meta8TypeListI16Screen1PresenterNS2_INS1_3NilES4_EEEELt1EE8capacityEv
                0x08002900        0x4 TouchGFX/build/STM32F429IDISCO/TouchGFX/target/generated/TouchGFXConfiguration.o
                0x08002900                touchgfx::Partition<touchgfx::meta::TypeList<Screen1Presenter, touchgfx::meta::TypeList<touchgfx::meta::Nil, touchgfx::meta::Nil> >, (unsigned short)1>::capacity() const
 .text._ZN8touchgfx9PartitionINS_4meta8TypeListI16Screen1PresenterNS2_INS1_3NilES4_EEEELt1EE12element_sizeEv
                0x08002904        0x4 TouchGFX/build/STM32F429IDISCO/TouchGFX/target/generated/TouchGFXConfiguration.o
                0x08002904                touchgfx::Partition<touchgfx::meta::TypeList<Screen1Presenter, touchgfx::meta::TypeList<touchgfx::meta::Nil, touchgfx::meta::Nil> >, (unsigned short)1>::element_size()
 .text._ZN8touchgfx9PartitionINS_4meta8TypeListI16Screen1PresenterNS2_INS1_3NilES4_EEEELt1EE7elementEt
                0x08002908        0x8 TouchGFX/build/STM32F429IDISCO/TouchGFX/target/generated/TouchGFXConfiguration.o
                0x08002908                touchgfx::Partition<touchgfx::meta::TypeList<Screen1Presenter, touchgfx::meta::TypeList<touchgfx::meta::Nil, touchgfx::meta::Nil> >, (unsigned short)1>::element(unsigned short)
 .text._ZNK8touchgfx9PartitionINS_4meta8TypeListI16Screen1PresenterNS2_INS1_3NilES4_EEEELt1EE7elementEt
                0x08002910        0x8 TouchGFX/build/STM32F429IDISCO/TouchGFX/target/generated/TouchGFXConfiguration.o
                0x08002910                touchgfx::Partition<touchgfx::meta::TypeList<Screen1Presenter, touchgfx::meta::TypeList<touchgfx::meta::Nil, touchgfx::meta::Nil> >, (unsigned short)1>::element(unsigned short) const
 .text._ZN16FrontendHeapBase15gotoStartScreenER19FrontendApplication
                0x08002918        0x6 TouchGFX/build/STM32F429IDISCO/TouchGFX/target/generated/TouchGFXConfiguration.o
                0x08002918                FrontendHeapBase::gotoStartScreen(FrontendApplication&)
 *fill*         0x0800291e        0x2 
 .text._ZN8touchgfx9PartitionINS_4meta8TypeListINS_12NoTransitionENS2_INS1_3NilES4_EEEELt1EED2Ev
                0x08002920       0x14 TouchGFX/build/STM32F429IDISCO/TouchGFX/target/generated/TouchGFXConfiguration.o
                0x08002920                touchgfx::Partition<touchgfx::meta::TypeList<touchgfx::NoTransition, touchgfx::meta::TypeList<touchgfx::meta::Nil, touchgfx::meta::Nil> >, (unsigned short)1>::~Partition()
                0x08002920                touchgfx::Partition<touchgfx::meta::TypeList<touchgfx::NoTransition, touchgfx::meta::TypeList<touchgfx::meta::Nil, touchgfx::meta::Nil> >, (unsigned short)1>::~Partition()
 .text._ZN8touchgfx9PartitionINS_4meta8TypeListINS_12NoTransitionENS2_INS1_3NilES4_EEEELt1EED0Ev
                0x08002934       0x14 TouchGFX/build/STM32F429IDISCO/TouchGFX/target/generated/TouchGFXConfiguration.o
                0x08002934                touchgfx::Partition<touchgfx::meta::TypeList<touchgfx::NoTransition, touchgfx::meta::TypeList<touchgfx::meta::Nil, touchgfx::meta::Nil> >, (unsigned short)1>::~Partition()
 .text._ZN8touchgfx9PartitionINS_4meta8TypeListI11Screen1ViewNS2_INS1_3NilES4_EEEELt1EED2Ev
                0x08002948       0x14 TouchGFX/build/STM32F429IDISCO/TouchGFX/target/generated/TouchGFXConfiguration.o
                0x08002948                touchgfx::Partition<touchgfx::meta::TypeList<Screen1View, touchgfx::meta::TypeList<touchgfx::meta::Nil, touchgfx::meta::Nil> >, (unsigned short)1>::~Partition()
                0x08002948                touchgfx::Partition<touchgfx::meta::TypeList<Screen1View, touchgfx::meta::TypeList<touchgfx::meta::Nil, touchgfx::meta::Nil> >, (unsigned short)1>::~Partition()
 .text._ZN8touchgfx9PartitionINS_4meta8TypeListI11Screen1ViewNS2_INS1_3NilES4_EEEELt1EED0Ev
                0x0800295c       0x16 TouchGFX/build/STM32F429IDISCO/TouchGFX/target/generated/TouchGFXConfiguration.o
                0x0800295c                touchgfx::Partition<touchgfx::meta::TypeList<Screen1View, touchgfx::meta::TypeList<touchgfx::meta::Nil, touchgfx::meta::Nil> >, (unsigned short)1>::~Partition()
 *fill*         0x08002972        0x2 
 .text._ZN8touchgfx9PartitionINS_4meta8TypeListI16Screen1PresenterNS2_INS1_3NilES4_EEEELt1EED2Ev
                0x08002974       0x14 TouchGFX/build/STM32F429IDISCO/TouchGFX/target/generated/TouchGFXConfiguration.o
                0x08002974                touchgfx::Partition<touchgfx::meta::TypeList<Screen1Presenter, touchgfx::meta::TypeList<touchgfx::meta::Nil, touchgfx::meta::Nil> >, (unsigned short)1>::~Partition()
                0x08002974                touchgfx::Partition<touchgfx::meta::TypeList<Screen1Presenter, touchgfx::meta::TypeList<touchgfx::meta::Nil, touchgfx::meta::Nil> >, (unsigned short)1>::~Partition()
 .text._ZN8touchgfx9PartitionINS_4meta8TypeListI16Screen1PresenterNS2_INS1_3NilES4_EEEELt1EED0Ev
                0x08002988       0x14 TouchGFX/build/STM32F429IDISCO/TouchGFX/target/generated/TouchGFXConfiguration.o
                0x08002988                touchgfx::Partition<touchgfx::meta::TypeList<Screen1Presenter, touchgfx::meta::TypeList<touchgfx::meta::Nil, touchgfx::meta::Nil> >, (unsigned short)1>::~Partition()
 .text._ZN12FrontendHeapD2Ev
                0x0800299c       0x2c TouchGFX/build/STM32F429IDISCO/TouchGFX/target/generated/TouchGFXConfiguration.o
                0x0800299c                FrontendHeap::~FrontendHeap()
                0x0800299c                FrontendHeap::~FrontendHeap()
 .text._ZN12FrontendHeapD0Ev
                0x080029c8       0x16 TouchGFX/build/STM32F429IDISCO/TouchGFX/target/generated/TouchGFXConfiguration.o
                0x080029c8                FrontendHeap::~FrontendHeap()
 *fill*         0x080029de        0x2 
 .text.touchgfx_init
                0x080029e0       0xec TouchGFX/build/STM32F429IDISCO/TouchGFX/target/generated/TouchGFXConfiguration.o
                0x080029e0                touchgfx_init
 .text.touchgfx_taskEntry
                0x08002acc        0xc TouchGFX/build/STM32F429IDISCO/TouchGFX/target/generated/TouchGFXConfiguration.o
                0x08002acc                touchgfx_taskEntry
 .text._ZN20STM32TouchControllerD0Ev
                0x08002ad8        0xe TouchGFX/build/STM32F429IDISCO/TouchGFX/target/generated/TouchGFXConfiguration.o
                0x08002ad8                STM32TouchController::~STM32TouchController()
 .text._ZN8touchgfx8LCD16bppD0Ev
                0x08002ae6        0xe TouchGFX/build/STM32F429IDISCO/TouchGFX/target/generated/TouchGFXConfiguration.o
                0x08002ae6                touchgfx::LCD16bpp::~LCD16bpp()
 .text._ZN11TouchGFXHALD0Ev
                0x08002af4        0xe TouchGFX/build/STM32F429IDISCO/TouchGFX/target/generated/TouchGFXConfiguration.o
                0x08002af4                TouchGFXHAL::~TouchGFXHAL()
 *fill*         0x08002b02        0x2 
 .text.startup._GLOBAL__sub_I_touchgfx_init
                0x08002b04      0x138 TouchGFX/build/STM32F429IDISCO/TouchGFX/target/generated/TouchGFXConfiguration.o
 .text._ZN11TouchGFXHAL10initializeEv
                0x08002c3c        0x4 TouchGFX/build/STM32F429IDISCO/TouchGFX/target/TouchGFXHAL.o
                0x08002c3c                TouchGFXHAL::initialize()
 .text._ZN11TouchGFXHAL9taskEntryEv
                0x08002c40       0x32 TouchGFX/build/STM32F429IDISCO/TouchGFX/target/TouchGFXHAL.o
                0x08002c40                TouchGFXHAL::taskEntry()
 .text._ZNK11TouchGFXHAL17getTFTFrameBufferEv
                0x08002c72        0x4 TouchGFX/build/STM32F429IDISCO/TouchGFX/target/TouchGFXHAL.o
                0x08002c72                TouchGFXHAL::getTFTFrameBuffer() const
 .text._ZN11TouchGFXHAL17setTFTFrameBufferEPt
                0x08002c76        0x4 TouchGFX/build/STM32F429IDISCO/TouchGFX/target/TouchGFXHAL.o
                0x08002c76                TouchGFXHAL::setTFTFrameBuffer(unsigned short*)
 .text._ZN11TouchGFXHAL16flushFrameBufferERKN8touchgfx4RectE
                0x08002c7a        0x4 TouchGFX/build/STM32F429IDISCO/TouchGFX/target/TouchGFXHAL.o
                0x08002c7a                TouchGFXHAL::flushFrameBuffer(touchgfx::Rect const&)
 .text._ZN11TouchGFXHAL19configureInterruptsEv
                0x08002c7e        0x4 TouchGFX/build/STM32F429IDISCO/TouchGFX/target/TouchGFXHAL.o
                0x08002c7e                TouchGFXHAL::configureInterrupts()
 .text._ZN11TouchGFXHAL16enableInterruptsEv
                0x08002c82        0x4 TouchGFX/build/STM32F429IDISCO/TouchGFX/target/TouchGFXHAL.o
                0x08002c82                TouchGFXHAL::enableInterrupts()
 .text._ZN11TouchGFXHAL17disableInterruptsEv
                0x08002c86        0x4 TouchGFX/build/STM32F429IDISCO/TouchGFX/target/TouchGFXHAL.o
                0x08002c86                TouchGFXHAL::disableInterrupts()
 .text._ZN11TouchGFXHAL28enableLCDControllerInterruptEv
                0x08002c8a        0x4 TouchGFX/build/STM32F429IDISCO/TouchGFX/target/TouchGFXHAL.o
                0x08002c8a                TouchGFXHAL::enableLCDControllerInterrupt()
 .text._ZN11TouchGFXHAL16flushFrameBufferEv
                0x08002c8e        0x4 TouchGFX/build/STM32F429IDISCO/TouchGFX/target/TouchGFXHAL.o
                0x08002c8e                TouchGFXHAL::flushFrameBuffer()
 .text._ZN8touchgfx4GPIO3setENS0_7GPIO_IDE
                0x08002c92        0x2 TouchGFX/build/STM32F429IDISCO/TouchGFX/target/TouchGFXGPIO.o
                0x08002c92                touchgfx::GPIO::set(touchgfx::GPIO::GPIO_ID)
 .text._ZN8touchgfx4GPIO5clearENS0_7GPIO_IDE
                0x08002c94        0x2 TouchGFX/build/STM32F429IDISCO/TouchGFX/target/TouchGFXGPIO.o
                0x08002c94                touchgfx::GPIO::clear(touchgfx::GPIO::GPIO_ID)
 .text._ZN8touchgfx4GPIO6toggleENS0_7GPIO_IDE
                0x08002c96        0x2 TouchGFX/build/STM32F429IDISCO/TouchGFX/target/TouchGFXGPIO.o
                0x08002c96                touchgfx::GPIO::toggle(touchgfx::GPIO::GPIO_ID)
 .text._Z11BSP_TS_Inittt
                0x08002c98       0x44 TouchGFX/build/STM32F429IDISCO/TouchGFX/target/STM32TouchController.o
                0x08002c98                BSP_TS_Init(unsigned short, unsigned short)
 .text._ZN20STM32TouchController4initEv
                0x08002cdc        0xa TouchGFX/build/STM32F429IDISCO/TouchGFX/target/STM32TouchController.o
                0x08002cdc                STM32TouchController::init()
 *fill*         0x08002ce6        0x2 
 .text._Z15BSP_TS_GetStateP15TS_StateTypeDef
                0x08002ce8       0xc8 TouchGFX/build/STM32F429IDISCO/TouchGFX/target/STM32TouchController.o
                0x08002ce8                BSP_TS_GetState(TS_StateTypeDef*)
 .text._ZN20STM32TouchController11sampleTouchERlS0_
                0x08002db0       0x24 TouchGFX/build/STM32F429IDISCO/TouchGFX/target/STM32TouchController.o
                0x08002db0                STM32TouchController::sampleTouch(long&, long&)
 .text.SystemInit
                0x08002dd4       0x1c TouchGFX/build/STM32F429IDISCO/Core/Src/system_stm32f4xx.o
                0x08002dd4                SystemInit
 .text.HAL_InitTick
                0x08002df0       0x7c TouchGFX/build/STM32F429IDISCO/Core/Src/stm32f4xx_hal_timebase_tim.o
                0x08002df0                HAL_InitTick
 .text.MX_DMA_Init
                0x08002e6c       0x34 TouchGFX/build/STM32F429IDISCO/Core/Src/main.o
 .text.MX_ADC1_Init
                0x08002ea0       0x78 TouchGFX/build/STM32F429IDISCO/Core/Src/main.o
 .text.MX_ADC2_Init
                0x08002f18       0x50 TouchGFX/build/STM32F429IDISCO/Core/Src/main.o
 .text.MX_ADC3_Init
                0x08002f68       0x50 TouchGFX/build/STM32F429IDISCO/Core/Src/main.o
 .text.SPI5_Write
                0x08002fb8       0x24 TouchGFX/build/STM32F429IDISCO/Core/Src/main.o
 .text.StartDefaultTask
                0x08002fdc        0xa TouchGFX/build/STM32F429IDISCO/Core/Src/main.o
                0x08002fdc                StartDefaultTask
 *fill*         0x08002fe6        0x2 
 .text.SystemClock_Config
                0x08002fe8       0x94 TouchGFX/build/STM32F429IDISCO/Core/Src/main.o
                0x08002fe8                SystemClock_Config
 .text.startup.main
                0x0800307c      0x3f4 TouchGFX/build/STM32F429IDISCO/Core/Src/main.o
                0x0800307c                main
 .text.IOE_Init
                0x08003470        0x2 TouchGFX/build/STM32F429IDISCO/Core/Src/main.o
                0x08003470                IOE_Init
 .text.IOE_ITConfig
                0x08003472        0x2 TouchGFX/build/STM32F429IDISCO/Core/Src/main.o
                0x08003472                IOE_ITConfig
 .text.IOE_Write
                0x08003474       0x2c TouchGFX/build/STM32F429IDISCO/Core/Src/main.o
                0x08003474                IOE_Write
 .text.IOE_Read
                0x080034a0       0x34 TouchGFX/build/STM32F429IDISCO/Core/Src/main.o
                0x080034a0                IOE_Read
 .text.IOE_ReadMultiple
                0x080034d4       0x2c TouchGFX/build/STM32F429IDISCO/Core/Src/main.o
                0x080034d4                IOE_ReadMultiple
 .text.IOE_Delay
                0x08003500        0x4 TouchGFX/build/STM32F429IDISCO/Core/Src/main.o
                0x08003500                IOE_Delay
 .text.LCD_IO_Init
                0x08003504       0x20 TouchGFX/build/STM32F429IDISCO/Core/Src/main.o
                0x08003504                LCD_IO_Init
 .text.LCD_IO_WriteData
                0x08003524       0x38 TouchGFX/build/STM32F429IDISCO/Core/Src/main.o
                0x08003524                LCD_IO_WriteData
 .text.LCD_IO_WriteReg
                0x0800355c       0x38 TouchGFX/build/STM32F429IDISCO/Core/Src/main.o
                0x0800355c                LCD_IO_WriteReg
 .text.LCD_IO_ReadData
                0x08003594       0x64 TouchGFX/build/STM32F429IDISCO/Core/Src/main.o
                0x08003594                LCD_IO_ReadData
 .text.LCD_Delay
                0x080035f8        0x4 TouchGFX/build/STM32F429IDISCO/Core/Src/main.o
                0x080035f8                LCD_Delay
 .text.HAL_TIM_PeriodElapsedCallback
                0x080035fc       0x14 TouchGFX/build/STM32F429IDISCO/Core/Src/main.o
                0x080035fc                HAL_TIM_PeriodElapsedCallback
 .text.Error_Handler
                0x08003610        0x2 TouchGFX/build/STM32F429IDISCO/Core/Src/main.o
                0x08003610                Error_Handler
 .text.NMI_Handler
                0x08003612        0x2 TouchGFX/build/STM32F429IDISCO/Core/Src/stm32f4xx_it.o
                0x08003612                NMI_Handler
 .text.HardFault_Handler
                0x08003614        0x2 TouchGFX/build/STM32F429IDISCO/Core/Src/stm32f4xx_it.o
                0x08003614                HardFault_Handler
 .text.MemManage_Handler
                0x08003616        0x2 TouchGFX/build/STM32F429IDISCO/Core/Src/stm32f4xx_it.o
                0x08003616                MemManage_Handler
 .text.BusFault_Handler
                0x08003618        0x2 TouchGFX/build/STM32F429IDISCO/Core/Src/stm32f4xx_it.o
                0x08003618                BusFault_Handler
 .text.UsageFault_Handler
                0x0800361a        0x2 TouchGFX/build/STM32F429IDISCO/Core/Src/stm32f4xx_it.o
                0x0800361a                UsageFault_Handler
 .text.DebugMon_Handler
                0x0800361c        0x2 TouchGFX/build/STM32F429IDISCO/Core/Src/stm32f4xx_it.o
                0x0800361c                DebugMon_Handler
 *fill*         0x0800361e        0x2 
 .text.EXTI2_IRQHandler
                0x08003620       0x48 TouchGFX/build/STM32F429IDISCO/Core/Src/stm32f4xx_it.o
                0x08003620                EXTI2_IRQHandler
 .text.TIM1_UP_TIM10_IRQHandler
                0x08003668       0x40 TouchGFX/build/STM32F429IDISCO/Core/Src/stm32f4xx_it.o
                0x08003668                TIM1_UP_TIM10_IRQHandler
 .text.TIM6_DAC_IRQHandler
                0x080036a8        0xc TouchGFX/build/STM32F429IDISCO/Core/Src/stm32f4xx_it.o
                0x080036a8                TIM6_DAC_IRQHandler
 .text.DMA2_Stream0_IRQHandler
                0x080036b4        0xc TouchGFX/build/STM32F429IDISCO/Core/Src/stm32f4xx_it.o
                0x080036b4                DMA2_Stream0_IRQHandler
 .text.LTDC_IRQHandler
                0x080036c0        0xc TouchGFX/build/STM32F429IDISCO/Core/Src/stm32f4xx_it.o
                0x080036c0                LTDC_IRQHandler
 .text.DMA2D_IRQHandler
                0x080036cc        0xc TouchGFX/build/STM32F429IDISCO/Core/Src/stm32f4xx_it.o
                0x080036cc                DMA2D_IRQHandler
 .text._sbrk    0x080036d8       0x34 TouchGFX/build/STM32F429IDISCO/Core/Src/sysmem.o
                0x080036d8                _sbrk
 .text.HAL_MspInit
                0x0800370c       0x40 TouchGFX/build/STM32F429IDISCO/Core/Src/stm32f4xx_hal_msp.o
                0x0800370c                HAL_MspInit
 .text.HAL_ADC_MspInit
                0x0800374c      0x124 TouchGFX/build/STM32F429IDISCO/Core/Src/stm32f4xx_hal_msp.o
                0x0800374c                HAL_ADC_MspInit
 .text.HAL_CRC_MspInit
                0x08003870       0x30 TouchGFX/build/STM32F429IDISCO/Core/Src/stm32f4xx_hal_msp.o
                0x08003870                HAL_CRC_MspInit
 .text.HAL_DMA2D_MspInit
                0x080038a0       0x44 TouchGFX/build/STM32F429IDISCO/Core/Src/stm32f4xx_hal_msp.o
                0x080038a0                HAL_DMA2D_MspInit
 .text.HAL_I2C_MspInit
                0x080038e4       0xb8 TouchGFX/build/STM32F429IDISCO/Core/Src/stm32f4xx_hal_msp.o
                0x080038e4                HAL_I2C_MspInit
 .text.HAL_LTDC_MspInit
                0x0800399c      0x1b4 TouchGFX/build/STM32F429IDISCO/Core/Src/stm32f4xx_hal_msp.o
                0x0800399c                HAL_LTDC_MspInit
 .text.HAL_SPI_MspInit
                0x08003b50       0x6c TouchGFX/build/STM32F429IDISCO/Core/Src/stm32f4xx_hal_msp.o
                0x08003b50                HAL_SPI_MspInit
 .text.HAL_TIM_Base_MspInit
                0x08003bbc       0x44 TouchGFX/build/STM32F429IDISCO/Core/Src/stm32f4xx_hal_msp.o
                0x08003bbc                HAL_TIM_Base_MspInit
 .text.HAL_SDRAM_MspInit
                0x08003c00       0xe0 TouchGFX/build/STM32F429IDISCO/Core/Src/stm32f4xx_hal_msp.o
                0x08003c00                HAL_SDRAM_MspInit
 .text._getpid  0x08003ce0        0x4 TouchGFX/build/STM32F429IDISCO/Core/Src/syscalls.o
                0x08003ce0                _getpid
 .text._kill    0x08003ce4       0x10 TouchGFX/build/STM32F429IDISCO/Core/Src/syscalls.o
                0x08003ce4                _kill
 .text._exit    0x08003cf4        0xc TouchGFX/build/STM32F429IDISCO/Core/Src/syscalls.o
                0x08003cf4                _exit
 .text._read    0x08003d00       0x1c TouchGFX/build/STM32F429IDISCO/Core/Src/syscalls.o
                0x08003d00                _read
 .text._write   0x08003d1c       0x1c TouchGFX/build/STM32F429IDISCO/Core/Src/syscalls.o
                0x08003d1c                _write
 .text._close   0x08003d38        0x6 TouchGFX/build/STM32F429IDISCO/Core/Src/syscalls.o
                0x08003d38                _close
 .text._fstat   0x08003d3e        0xa TouchGFX/build/STM32F429IDISCO/Core/Src/syscalls.o
                0x08003d3e                _fstat
 .text._isatty  0x08003d48        0x4 TouchGFX/build/STM32F429IDISCO/Core/Src/syscalls.o
                0x08003d48                _isatty
 .text._lseek   0x08003d4c        0x4 TouchGFX/build/STM32F429IDISCO/Core/Src/syscalls.o
                0x08003d4c                _lseek
 .text.HAL_SDRAM_Init
                0x08003d50       0x40 TouchGFX/build/STM32F429IDISCO/Drivers/STM32F4xx_HAL_Driver/Src/stm32f4xx_hal_sdram.o
                0x08003d50                HAL_SDRAM_Init
 .text.HAL_SDRAM_SendCommand
                0x08003d90       0x2e TouchGFX/build/STM32F429IDISCO/Drivers/STM32F4xx_HAL_Driver/Src/stm32f4xx_hal_sdram.o
                0x08003d90                HAL_SDRAM_SendCommand
 .text.HAL_SDRAM_ProgramRefreshRate
                0x08003dbe       0x24 TouchGFX/build/STM32F429IDISCO/Drivers/STM32F4xx_HAL_Driver/Src/stm32f4xx_hal_sdram.o
                0x08003dbe                HAL_SDRAM_ProgramRefreshRate
 *fill*         0x08003de2        0x2 
 .text.HAL_RCC_OscConfig
                0x08003de4      0x358 TouchGFX/build/STM32F429IDISCO/Drivers/STM32F4xx_HAL_Driver/Src/stm32f4xx_hal_rcc.o
                0x08003de4                HAL_RCC_OscConfig
 .text.HAL_RCC_GetSysClockFreq
                0x0800413c       0x5c TouchGFX/build/STM32F429IDISCO/Drivers/STM32F4xx_HAL_Driver/Src/stm32f4xx_hal_rcc.o
                0x0800413c                HAL_RCC_GetSysClockFreq
 .text.HAL_RCC_ClockConfig
                0x08004198      0x13c TouchGFX/build/STM32F429IDISCO/Drivers/STM32F4xx_HAL_Driver/Src/stm32f4xx_hal_rcc.o
                0x08004198                HAL_RCC_ClockConfig
 .text.HAL_RCC_GetPCLK1Freq
                0x080042d4       0x20 TouchGFX/build/STM32F429IDISCO/Drivers/STM32F4xx_HAL_Driver/Src/stm32f4xx_hal_rcc.o
                0x080042d4                HAL_RCC_GetPCLK1Freq
 .text.HAL_RCC_GetClockConfig
                0x080042f4       0x3c TouchGFX/build/STM32F429IDISCO/Drivers/STM32F4xx_HAL_Driver/Src/stm32f4xx_hal_rcc.o
                0x080042f4                HAL_RCC_GetClockConfig
 .text.HAL_TIM_Base_Start_IT
                0x08004330       0x74 TouchGFX/build/STM32F429IDISCO/Drivers/STM32F4xx_HAL_Driver/Src/stm32f4xx_hal_tim.o
                0x08004330                HAL_TIM_Base_Start_IT
 .text.HAL_TIM_Base_Stop_IT
                0x080043a4       0x32 TouchGFX/build/STM32F429IDISCO/Drivers/STM32F4xx_HAL_Driver/Src/stm32f4xx_hal_tim.o
                0x080043a4                HAL_TIM_Base_Stop_IT
 .text.HAL_TIM_OC_DelayElapsedCallback
                0x080043d6        0x2 TouchGFX/build/STM32F429IDISCO/Drivers/STM32F4xx_HAL_Driver/Src/stm32f4xx_hal_tim.o
                0x080043d6                HAL_TIM_OC_DelayElapsedCallback
 .text.HAL_TIM_IC_CaptureCallback
                0x080043d8        0x2 TouchGFX/build/STM32F429IDISCO/Drivers/STM32F4xx_HAL_Driver/Src/stm32f4xx_hal_tim.o
                0x080043d8                HAL_TIM_IC_CaptureCallback
 .text.HAL_TIM_PWM_PulseFinishedCallback
                0x080043da        0x2 TouchGFX/build/STM32F429IDISCO/Drivers/STM32F4xx_HAL_Driver/Src/stm32f4xx_hal_tim.o
                0x080043da                HAL_TIM_PWM_PulseFinishedCallback
 .text.HAL_TIM_TriggerCallback
                0x080043dc        0x2 TouchGFX/build/STM32F429IDISCO/Drivers/STM32F4xx_HAL_Driver/Src/stm32f4xx_hal_tim.o
                0x080043dc                HAL_TIM_TriggerCallback
 .text.HAL_TIM_IRQHandler
                0x080043de      0x14c TouchGFX/build/STM32F429IDISCO/Drivers/STM32F4xx_HAL_Driver/Src/stm32f4xx_hal_tim.o
                0x080043de                HAL_TIM_IRQHandler
 *fill*         0x0800452a        0x2 
 .text.TIM_Base_SetConfig
                0x0800452c       0xcc TouchGFX/build/STM32F429IDISCO/Drivers/STM32F4xx_HAL_Driver/Src/stm32f4xx_hal_tim.o
                0x0800452c                TIM_Base_SetConfig
 .text.HAL_TIM_Base_Init
                0x080045f8       0x58 TouchGFX/build/STM32F429IDISCO/Drivers/STM32F4xx_HAL_Driver/Src/stm32f4xx_hal_tim.o
                0x080045f8                HAL_TIM_Base_Init
 .text.I2C_IsAcknowledgeFailed
                0x08004650       0x34 TouchGFX/build/STM32F429IDISCO/Drivers/STM32F4xx_HAL_Driver/Src/stm32f4xx_hal_i2c.o
 .text.I2C_WaitOnMasterAddressFlagUntilTimeout
                0x08004684       0x76 TouchGFX/build/STM32F429IDISCO/Drivers/STM32F4xx_HAL_Driver/Src/stm32f4xx_hal_i2c.o
 .text.I2C_WaitOnBTFFlagUntilTimeout
                0x080046fa       0x4c TouchGFX/build/STM32F429IDISCO/Drivers/STM32F4xx_HAL_Driver/Src/stm32f4xx_hal_i2c.o
 .text.I2C_WaitOnRXNEFlagUntilTimeout
                0x08004746       0x5e TouchGFX/build/STM32F429IDISCO/Drivers/STM32F4xx_HAL_Driver/Src/stm32f4xx_hal_i2c.o
 .text.I2C_WaitOnFlagUntilTimeout
                0x080047a4       0x62 TouchGFX/build/STM32F429IDISCO/Drivers/STM32F4xx_HAL_Driver/Src/stm32f4xx_hal_i2c.o
 .text.I2C_WaitOnTXEFlagUntilTimeout
                0x08004806       0x4c TouchGFX/build/STM32F429IDISCO/Drivers/STM32F4xx_HAL_Driver/Src/stm32f4xx_hal_i2c.o
 *fill*         0x08004852        0x2 
 .text.I2C_RequestMemoryWrite
                0x08004854       0xac TouchGFX/build/STM32F429IDISCO/Drivers/STM32F4xx_HAL_Driver/Src/stm32f4xx_hal_i2c.o
 .text.I2C_RequestMemoryRead
                0x08004900       0xfc TouchGFX/build/STM32F429IDISCO/Drivers/STM32F4xx_HAL_Driver/Src/stm32f4xx_hal_i2c.o
 .text.HAL_I2C_Init
                0x080049fc      0x160 TouchGFX/build/STM32F429IDISCO/Drivers/STM32F4xx_HAL_Driver/Src/stm32f4xx_hal_i2c.o
                0x080049fc                HAL_I2C_Init
 .text.HAL_I2C_Mem_Write
                0x08004b5c      0x128 TouchGFX/build/STM32F429IDISCO/Drivers/STM32F4xx_HAL_Driver/Src/stm32f4xx_hal_i2c.o
                0x08004b5c                HAL_I2C_Mem_Write
 .text.HAL_I2C_Mem_Read
                0x08004c84      0x21c TouchGFX/build/STM32F429IDISCO/Drivers/STM32F4xx_HAL_Driver/Src/stm32f4xx_hal_i2c.o
                0x08004c84                HAL_I2C_Mem_Read
 .text.DMA_CalcBaseAndBitshift
                0x08004ea0       0x2c TouchGFX/build/STM32F429IDISCO/Drivers/STM32F4xx_HAL_Driver/Src/stm32f4xx_hal_dma.o
 .text.HAL_DMA_Init
                0x08004ecc      0x104 TouchGFX/build/STM32F429IDISCO/Drivers/STM32F4xx_HAL_Driver/Src/stm32f4xx_hal_dma.o
                0x08004ecc                HAL_DMA_Init
 .text.HAL_DMA_Abort
                0x08004fd0       0x8c TouchGFX/build/STM32F429IDISCO/Drivers/STM32F4xx_HAL_Driver/Src/stm32f4xx_hal_dma.o
                0x08004fd0                HAL_DMA_Abort
 .text.HAL_DMA_IRQHandler
                0x0800505c      0x194 TouchGFX/build/STM32F429IDISCO/Drivers/STM32F4xx_HAL_Driver/Src/stm32f4xx_hal_dma.o
                0x0800505c                HAL_DMA_IRQHandler
 .text.HAL_I2CEx_ConfigAnalogFilter
                0x080051f0       0x44 TouchGFX/build/STM32F429IDISCO/Drivers/STM32F4xx_HAL_Driver/Src/stm32f4xx_hal_i2c_ex.o
                0x080051f0                HAL_I2CEx_ConfigAnalogFilter
 .text.HAL_I2CEx_ConfigDigitalFilter
                0x08005234       0x42 TouchGFX/build/STM32F429IDISCO/Drivers/STM32F4xx_HAL_Driver/Src/stm32f4xx_hal_i2c_ex.o
                0x08005234                HAL_I2CEx_ConfigDigitalFilter
 *fill*         0x08005276        0x2 
 .text.HAL_ADCEx_MultiModeStop_DMA
                0x08005278       0x64 TouchGFX/build/STM32F429IDISCO/Drivers/STM32F4xx_HAL_Driver/Src/stm32f4xx_hal_adc_ex.o
                0x08005278                HAL_ADCEx_MultiModeStop_DMA
 .text.HAL_ADCEx_MultiModeConfigChannel
                0x080052dc       0x54 TouchGFX/build/STM32F429IDISCO/Drivers/STM32F4xx_HAL_Driver/Src/stm32f4xx_hal_adc_ex.o
                0x080052dc                HAL_ADCEx_MultiModeConfigChannel
 .text.HAL_TIMEx_CommutCallback
                0x08005330        0x2 TouchGFX/build/STM32F429IDISCO/Drivers/STM32F4xx_HAL_Driver/Src/stm32f4xx_hal_tim_ex.o
                0x08005330                HAL_TIMEx_CommutCallback
 .text.HAL_TIMEx_BreakCallback
                0x08005332        0x2 TouchGFX/build/STM32F429IDISCO/Drivers/STM32F4xx_HAL_Driver/Src/stm32f4xx_hal_tim_ex.o
                0x08005332                HAL_TIMEx_BreakCallback
 .text.HAL_NVIC_SetPriorityGrouping
                0x08005334       0x24 TouchGFX/build/STM32F429IDISCO/Drivers/STM32F4xx_HAL_Driver/Src/stm32f4xx_hal_cortex.o
                0x08005334                HAL_NVIC_SetPriorityGrouping
 .text.HAL_NVIC_SetPriority
                0x08005358       0x68 TouchGFX/build/STM32F429IDISCO/Drivers/STM32F4xx_HAL_Driver/Src/stm32f4xx_hal_cortex.o
                0x08005358                HAL_NVIC_SetPriority
 .text.HAL_NVIC_EnableIRQ
                0x080053c0       0x1c TouchGFX/build/STM32F429IDISCO/Drivers/STM32F4xx_HAL_Driver/Src/stm32f4xx_hal_cortex.o
                0x080053c0                HAL_NVIC_EnableIRQ
 .text.FMC_SDRAM_Init
                0x080053dc       0x6c TouchGFX/build/STM32F429IDISCO/Drivers/STM32F4xx_HAL_Driver/Src/stm32f4xx_ll_fmc.o
                0x080053dc                FMC_SDRAM_Init
 .text.FMC_SDRAM_Timing_Init
                0x08005448       0x7a TouchGFX/build/STM32F429IDISCO/Drivers/STM32F4xx_HAL_Driver/Src/stm32f4xx_ll_fmc.o
                0x08005448                FMC_SDRAM_Timing_Init
 .text.FMC_SDRAM_SendCommand
                0x080054c2       0x4a TouchGFX/build/STM32F429IDISCO/Drivers/STM32F4xx_HAL_Driver/Src/stm32f4xx_ll_fmc.o
                0x080054c2                FMC_SDRAM_SendCommand
 .text.FMC_SDRAM_ProgramRefreshRate
                0x0800550c        0xc TouchGFX/build/STM32F429IDISCO/Drivers/STM32F4xx_HAL_Driver/Src/stm32f4xx_ll_fmc.o
                0x0800550c                FMC_SDRAM_ProgramRefreshRate
 .text.HAL_DMA2D_Init
                0x08005518       0x5c TouchGFX/build/STM32F429IDISCO/Drivers/STM32F4xx_HAL_Driver/Src/stm32f4xx_hal_dma2d.o
                0x08005518                HAL_DMA2D_Init
 .text.HAL_DMA2D_LineEventCallback
                0x08005574        0x2 TouchGFX/build/STM32F429IDISCO/Drivers/STM32F4xx_HAL_Driver/Src/stm32f4xx_hal_dma2d.o
                0x08005574                HAL_DMA2D_LineEventCallback
 .text.HAL_DMA2D_CLUTLoadingCpltCallback
                0x08005576        0x2 TouchGFX/build/STM32F429IDISCO/Drivers/STM32F4xx_HAL_Driver/Src/stm32f4xx_hal_dma2d.o
                0x08005576                HAL_DMA2D_CLUTLoadingCpltCallback
 .text.HAL_DMA2D_IRQHandler
                0x08005578      0x120 TouchGFX/build/STM32F429IDISCO/Drivers/STM32F4xx_HAL_Driver/Src/stm32f4xx_hal_dma2d.o
                0x08005578                HAL_DMA2D_IRQHandler
 .text.HAL_DMA2D_ConfigLayer
                0x08005698       0x94 TouchGFX/build/STM32F429IDISCO/Drivers/STM32F4xx_HAL_Driver/Src/stm32f4xx_hal_dma2d.o
                0x08005698                HAL_DMA2D_ConfigLayer
 .text.HAL_GPIO_Init
                0x0800572c      0x1dc TouchGFX/build/STM32F429IDISCO/Drivers/STM32F4xx_HAL_Driver/Src/stm32f4xx_hal_gpio.o
                0x0800572c                HAL_GPIO_Init
 .text.HAL_GPIO_WritePin
                0x08005908        0xa TouchGFX/build/STM32F429IDISCO/Drivers/STM32F4xx_HAL_Driver/Src/stm32f4xx_hal_gpio.o
                0x08005908                HAL_GPIO_WritePin
 .text.HAL_GPIO_EXTI_Callback
                0x08005912        0x2 TouchGFX/build/STM32F429IDISCO/Drivers/STM32F4xx_HAL_Driver/Src/stm32f4xx_hal_gpio.o
                0x08005912                HAL_GPIO_EXTI_Callback
 .text.HAL_GPIO_EXTI_IRQHandler
                0x08005914       0x18 TouchGFX/build/STM32F429IDISCO/Drivers/STM32F4xx_HAL_Driver/Src/stm32f4xx_hal_gpio.o
                0x08005914                HAL_GPIO_EXTI_IRQHandler
 .text.SPI_WaitFlagStateUntilTimeout.constprop.9
                0x0800592c       0xb0 TouchGFX/build/STM32F429IDISCO/Drivers/STM32F4xx_HAL_Driver/Src/stm32f4xx_hal_spi.o
 .text.SPI_EndRxTransaction
                0x080059dc       0x58 TouchGFX/build/STM32F429IDISCO/Drivers/STM32F4xx_HAL_Driver/Src/stm32f4xx_hal_spi.o
 .text.SPI_EndRxTxTransaction
                0x08005a34       0x58 TouchGFX/build/STM32F429IDISCO/Drivers/STM32F4xx_HAL_Driver/Src/stm32f4xx_hal_spi.o
 .text.HAL_SPI_Init
                0x08005a8c       0xbe TouchGFX/build/STM32F429IDISCO/Drivers/STM32F4xx_HAL_Driver/Src/stm32f4xx_hal_spi.o
                0x08005a8c                HAL_SPI_Init
 .text.HAL_SPI_Transmit
                0x08005b4a      0x14a TouchGFX/build/STM32F429IDISCO/Drivers/STM32F4xx_HAL_Driver/Src/stm32f4xx_hal_spi.o
                0x08005b4a                HAL_SPI_Transmit
 .text.HAL_SPI_TransmitReceive
                0x08005c94      0x1ee TouchGFX/build/STM32F429IDISCO/Drivers/STM32F4xx_HAL_Driver/Src/stm32f4xx_hal_spi.o
                0x08005c94                HAL_SPI_TransmitReceive
 .text.HAL_SPI_Receive
                0x08005e82      0x13e TouchGFX/build/STM32F429IDISCO/Drivers/STM32F4xx_HAL_Driver/Src/stm32f4xx_hal_spi.o
                0x08005e82                HAL_SPI_Receive
 .text.HAL_ADC_Init
                0x08005fc0      0x170 TouchGFX/build/STM32F429IDISCO/Drivers/STM32F4xx_HAL_Driver/Src/stm32f4xx_hal_adc.o
                0x08005fc0                HAL_ADC_Init
 .text.HAL_ADC_Stop
                0x08006130       0x3e TouchGFX/build/STM32F429IDISCO/Drivers/STM32F4xx_HAL_Driver/Src/stm32f4xx_hal_adc.o
                0x08006130                HAL_ADC_Stop
 *fill*         0x0800616e        0x2 
 .text.HAL_ADC_ConfigChannel
                0x08006170      0x184 TouchGFX/build/STM32F429IDISCO/Drivers/STM32F4xx_HAL_Driver/Src/stm32f4xx_hal_adc.o
                0x08006170                HAL_ADC_ConfigChannel
 .text.LTDC_SetConfig
                0x080062f4      0x148 TouchGFX/build/STM32F429IDISCO/Drivers/STM32F4xx_HAL_Driver/Src/stm32f4xx_hal_ltdc.o
 .text.HAL_LTDC_Init
                0x0800643c       0xf4 TouchGFX/build/STM32F429IDISCO/Drivers/STM32F4xx_HAL_Driver/Src/stm32f4xx_hal_ltdc.o
                0x0800643c                HAL_LTDC_Init
 .text.HAL_LTDC_ErrorCallback
                0x08006530        0x2 TouchGFX/build/STM32F429IDISCO/Drivers/STM32F4xx_HAL_Driver/Src/stm32f4xx_hal_ltdc.o
                0x08006530                HAL_LTDC_ErrorCallback
 .text.HAL_LTDC_ReloadEventCallback
                0x08006532        0x2 TouchGFX/build/STM32F429IDISCO/Drivers/STM32F4xx_HAL_Driver/Src/stm32f4xx_hal_ltdc.o
                0x08006532                HAL_LTDC_ReloadEventCallback
 .text.HAL_LTDC_IRQHandler
                0x08006534       0xc2 TouchGFX/build/STM32F429IDISCO/Drivers/STM32F4xx_HAL_Driver/Src/stm32f4xx_hal_ltdc.o
                0x08006534                HAL_LTDC_IRQHandler
 .text.HAL_LTDC_ConfigLayer
                0x080065f6       0x52 TouchGFX/build/STM32F429IDISCO/Drivers/STM32F4xx_HAL_Driver/Src/stm32f4xx_hal_ltdc.o
                0x080065f6                HAL_LTDC_ConfigLayer
 .text.HAL_LTDC_ProgramLineEvent
                0x08006648       0x40 TouchGFX/build/STM32F429IDISCO/Drivers/STM32F4xx_HAL_Driver/Src/stm32f4xx_hal_ltdc.o
                0x08006648                HAL_LTDC_ProgramLineEvent
 .text.HAL_Init
                0x08006688       0x34 TouchGFX/build/STM32F429IDISCO/Drivers/STM32F4xx_HAL_Driver/Src/stm32f4xx_hal.o
                0x08006688                HAL_Init
 .text.HAL_IncTick
                0x080066bc       0x18 TouchGFX/build/STM32F429IDISCO/Drivers/STM32F4xx_HAL_Driver/Src/stm32f4xx_hal.o
                0x080066bc                HAL_IncTick
 .text.HAL_GetTick
                0x080066d4        0xc TouchGFX/build/STM32F429IDISCO/Drivers/STM32F4xx_HAL_Driver/Src/stm32f4xx_hal.o
                0x080066d4                HAL_GetTick
 .text.HAL_Delay
                0x080066e0       0x28 TouchGFX/build/STM32F429IDISCO/Drivers/STM32F4xx_HAL_Driver/Src/stm32f4xx_hal.o
                0x080066e0                HAL_Delay
 .text.HAL_RCCEx_PeriphCLKConfig
                0x08006708      0x25c TouchGFX/build/STM32F429IDISCO/Drivers/STM32F4xx_HAL_Driver/Src/stm32f4xx_hal_rcc_ex.o
                0x08006708                HAL_RCCEx_PeriphCLKConfig
 .text.HAL_CRC_Init
                0x08006964       0x20 TouchGFX/build/STM32F429IDISCO/Drivers/STM32F4xx_HAL_Driver/Src/stm32f4xx_hal_crc.o
                0x08006964                HAL_CRC_Init
 .text.MX_TouchGFX_Init
                0x08006984        0x4 TouchGFX/build/STM32F429IDISCO/TouchGFX/App/app_touchgfx.o
                0x08006984                MX_TouchGFX_Init
 .text.TouchGFX_Task
                0x08006988        0x4 TouchGFX/build/STM32F429IDISCO/TouchGFX/App/app_touchgfx.o
                0x08006988                TouchGFX_Task
 .text.vListInitialise
                0x0800698c       0x16 TouchGFX/build/STM32F429IDISCO/Middlewares/Third_Party/FreeRTOS/Source/list.o
                0x0800698c                vListInitialise
 .text.vListInitialiseItem
                0x080069a2        0x6 TouchGFX/build/STM32F429IDISCO/Middlewares/Third_Party/FreeRTOS/Source/list.o
                0x080069a2                vListInitialiseItem
 .text.vListInsertEnd
                0x080069a8       0x18 TouchGFX/build/STM32F429IDISCO/Middlewares/Third_Party/FreeRTOS/Source/list.o
                0x080069a8                vListInsertEnd
 .text.vListInsert
                0x080069c0       0x2e TouchGFX/build/STM32F429IDISCO/Middlewares/Third_Party/FreeRTOS/Source/list.o
                0x080069c0                vListInsert
 .text.uxListRemove
                0x080069ee       0x26 TouchGFX/build/STM32F429IDISCO/Middlewares/Third_Party/FreeRTOS/Source/list.o
                0x080069ee                uxListRemove
 .text.prvIsQueueEmpty
                0x08006a14       0x16 TouchGFX/build/STM32F429IDISCO/Middlewares/Third_Party/FreeRTOS/Source/queue.o
 .text.prvCopyDataToQueue
                0x08006a2a       0x66 TouchGFX/build/STM32F429IDISCO/Middlewares/Third_Party/FreeRTOS/Source/queue.o
 .text.prvCopyDataFromQueue
                0x08006a90       0x2a TouchGFX/build/STM32F429IDISCO/Middlewares/Third_Party/FreeRTOS/Source/queue.o
 .text.prvUnlockQueue
                0x08006aba       0x70 TouchGFX/build/STM32F429IDISCO/Middlewares/Third_Party/FreeRTOS/Source/queue.o
 *fill*         0x08006b2a        0x2 
 .text.xQueueGenericReset
                0x08006b2c       0x80 TouchGFX/build/STM32F429IDISCO/Middlewares/Third_Party/FreeRTOS/Source/queue.o
                0x08006b2c                xQueueGenericReset
 .text.xQueueGenericCreateStatic
                0x08006bac       0x9c TouchGFX/build/STM32F429IDISCO/Middlewares/Third_Party/FreeRTOS/Source/queue.o
                0x08006bac                xQueueGenericCreateStatic
 .text.xQueueGenericCreate
                0x08006c48       0x4c TouchGFX/build/STM32F429IDISCO/Middlewares/Third_Party/FreeRTOS/Source/queue.o
                0x08006c48                xQueueGenericCreate
 .text.xQueueCreateCountingSemaphoreStatic
                0x08006c94       0x44 TouchGFX/build/STM32F429IDISCO/Middlewares/Third_Party/FreeRTOS/Source/queue.o
                0x08006c94                xQueueCreateCountingSemaphoreStatic
 .text.xQueueCreateCountingSemaphore
                0x08006cd8       0x3c TouchGFX/build/STM32F429IDISCO/Middlewares/Third_Party/FreeRTOS/Source/queue.o
                0x08006cd8                xQueueCreateCountingSemaphore
 .text.xQueueGenericSend
                0x08006d14      0x164 TouchGFX/build/STM32F429IDISCO/Middlewares/Third_Party/FreeRTOS/Source/queue.o
                0x08006d14                xQueueGenericSend
 .text.xQueueGenericSendFromISR
                0x08006e78       0xc4 TouchGFX/build/STM32F429IDISCO/Middlewares/Third_Party/FreeRTOS/Source/queue.o
                0x08006e78                xQueueGenericSendFromISR
 .text.xQueueGiveFromISR
                0x08006f3c       0xa8 TouchGFX/build/STM32F429IDISCO/Middlewares/Third_Party/FreeRTOS/Source/queue.o
                0x08006f3c                xQueueGiveFromISR
 .text.xQueueReceive
                0x08006fe4      0x140 TouchGFX/build/STM32F429IDISCO/Middlewares/Third_Party/FreeRTOS/Source/queue.o
                0x08006fe4                xQueueReceive
 .text.xQueueSemaphoreTake
                0x08007124      0x184 TouchGFX/build/STM32F429IDISCO/Middlewares/Third_Party/FreeRTOS/Source/queue.o
                0x08007124                xQueueSemaphoreTake
 .text.xQueueReceiveFromISR
                0x080072a8       0x9e TouchGFX/build/STM32F429IDISCO/Middlewares/Third_Party/FreeRTOS/Source/queue.o
                0x080072a8                xQueueReceiveFromISR
 *fill*         0x08007346        0x2 
 .text.vQueueAddToRegistry
                0x08007348       0x24 TouchGFX/build/STM32F429IDISCO/Middlewares/Third_Party/FreeRTOS/Source/queue.o
                0x08007348                vQueueAddToRegistry
 .text.vQueueUnregisterQueue
                0x0800736c       0x28 TouchGFX/build/STM32F429IDISCO/Middlewares/Third_Party/FreeRTOS/Source/queue.o
                0x0800736c                vQueueUnregisterQueue
 .text.vQueueDelete
                0x08007394       0x2e TouchGFX/build/STM32F429IDISCO/Middlewares/Third_Party/FreeRTOS/Source/queue.o