stm32f4xx_ll_fmc.c:133:20:FMC_NORSRAM_Init	20	static
stm32f4xx_ll_fmc.c:245:19:FMC_NORSRAM_DeInit	8	static
stm32f4xx_ll_fmc.c:281:19:FMC_NORSRAM_Timing_Init	20	static
stm32f4xx_ll_fmc.c:334:20:FMC_NORSRAM_Extended_Timing_Init	12	static
stm32f4xx_ll_fmc.c:399:19:FMC_NORSRAM_WriteOperation_Enable	0	static
stm32f4xx_ll_fmc.c:417:19:FMC_NORSRAM_WriteOperation_Disable	0	static
stm32f4xx_ll_fmc.c:754:19:FMC_NAND_Init	12	static
stm32f4xx_ll_fmc.c:816:19:FMC_NAND_CommonSpace_Timing_Init	8	static
stm32f4xx_ll_fmc.c:872:19:FMC_NAND_AttributeSpace_Timing_Init	8	static
stm32f4xx_ll_fmc.c:925:19:FMC_NAND_DeInit	0	static
stm32f4xx_ll_fmc.c:980:19:FMC_NAND_ECC_Enable	0	static
stm32f4xx_ll_fmc.c:1005:19:FMC_NAND_ECC_Disable	0	static
stm32f4xx_ll_fmc.c:1032:19:FMC_NAND_GetECC	32	static
stm32f4xx_ll_fmc.c:1127:19:FMC_PCCARD_Init	0	static
stm32f4xx_ll_fmc.c:1162:19:FMC_PCCARD_CommonSpace_Timing_Init	0	static
stm32f4xx_ll_fmc.c:1197:19:FMC_PCCARD_AttributeSpace_Timing_Init	0	static
stm32f4xx_ll_fmc.c:1232:19:FMC_PCCARD_IOSpace_Timing_Init	0	static
stm32f4xx_ll_fmc.c:1266:19:FMC_PCCARD_DeInit	0	static
stm32f4xx_ll_fmc.c:1336:19:FMC_SDRAM_Init	24	static
stm32f4xx_ll_fmc.c:1417:19:FMC_SDRAM_Timing_Init	20	static
stm32f4xx_ll_fmc.c:1486:19:FMC_SDRAM_DeInit	0	static
stm32f4xx_ll_fmc.c:1526:19:FMC_SDRAM_WriteProtection_Enable	0	static
stm32f4xx_ll_fmc.c:1543:19:FMC_SDRAM_WriteProtection_Disable	0	static
stm32f4xx_ll_fmc.c:1563:19:FMC_SDRAM_SendCommand	24	static
stm32f4xx_ll_fmc.c:1609:19:FMC_SDRAM_ProgramRefreshRate	0	static
stm32f4xx_ll_fmc.c:1627:19:FMC_SDRAM_SetAutoRefreshNumber	0	static
stm32f4xx_ll_fmc.c:1648:10:FMC_SDRAM_GetModeStatus	0	static
