stm32f4xx_hal_ltdc.c:2076:13:LTDC_SetConfig	28	static
stm32f4xx_hal_ltdc.c:353:13:HAL_LTDC_MspInit	0	static
stm32f4xx_hal_ltdc.c:212:19:HAL_LTDC_Init	16	static
stm32f4xx_hal_ltdc.c:369:13:HAL_LTDC_MspDeInit	0	static
stm32f4xx_hal_ltdc.c:321:19:HAL_LTDC_DeInit	8	static
stm32f4xx_hal_ltdc.c:702:13:HAL_LTDC_ErrorCallback	0	static
stm32f4xx_hal_ltdc.c:718:13:HAL_LTDC_LineEventCallback	0	static
stm32f4xx_hal_ltdc.c:734:13:HAL_LTDC_ReloadEventCallback	0	static
stm32f4xx_hal_ltdc.c:584:6:HAL_LTDC_IRQHandler	16	static
stm32f4xx_hal_ltdc.c:784:19:HAL_LTDC_ConfigLayer	24	static
stm32f4xx_hal_ltdc.c:834:19:HAL_LTDC_ConfigColorKeying	8	static
stm32f4xx_hal_ltdc.c:872:19:HAL_LTDC_ConfigCLUT	20	static
stm32f4xx_hal_ltdc.c:921:19:HAL_LTDC_EnableColorKeying	0	static
stm32f4xx_hal_ltdc.c:956:19:HAL_LTDC_DisableColorKeying	0	static
stm32f4xx_hal_ltdc.c:991:19:HAL_LTDC_EnableCLUT	0	static
stm32f4xx_hal_ltdc.c:1026:19:HAL_LTDC_DisableCLUT	0	static
stm32f4xx_hal_ltdc.c:1059:19:HAL_LTDC_EnableDither	0	static
stm32f4xx_hal_ltdc.c:1086:19:HAL_LTDC_DisableDither	0	static
stm32f4xx_hal_ltdc.c:1117:19:HAL_LTDC_SetWindowSize	24	static
stm32f4xx_hal_ltdc.c:1173:19:HAL_LTDC_SetWindowPosition	24	static
stm32f4xx_hal_ltdc.c:1224:19:HAL_LTDC_SetPixelFormat	24	static
stm32f4xx_hal_ltdc.c:1269:19:HAL_LTDC_SetAlpha	24	static
stm32f4xx_hal_ltdc.c:1313:19:HAL_LTDC_SetAddress	24	static
stm32f4xx_hal_ltdc.c:1360:19:HAL_LTDC_SetPitch	12	static
stm32f4xx_hal_ltdc.c:1429:19:HAL_LTDC_ProgramLineEvent	0	static
stm32f4xx_hal_ltdc.c:1468:20:HAL_LTDC_Reload	0	static
stm32f4xx_hal_ltdc.c:1507:19:HAL_LTDC_ConfigLayer_NoReload	24	static
stm32f4xx_hal_ltdc.c:1556:19:HAL_LTDC_SetWindowSize_NoReload	24	static
stm32f4xx_hal_ltdc.c:1610:19:HAL_LTDC_SetWindowPosition_NoReload	24	static
stm32f4xx_hal_ltdc.c:1659:19:HAL_LTDC_SetPixelFormat_NoReload	24	static
stm32f4xx_hal_ltdc.c:1702:19:HAL_LTDC_SetAlpha_NoReload	24	static
stm32f4xx_hal_ltdc.c:1745:19:HAL_LTDC_SetAddress_NoReload	24	static
stm32f4xx_hal_ltdc.c:1790:19:HAL_LTDC_SetPitch_NoReload	12	static
stm32f4xx_hal_ltdc.c:1857:19:HAL_LTDC_ConfigColorKeying_NoReload	0	static
stm32f4xx_hal_ltdc.c:1891:19:HAL_LTDC_EnableColorKeying_NoReload	0	static
stm32f4xx_hal_ltdc.c:1924:19:HAL_LTDC_DisableColorKeying_NoReload	0	static
stm32f4xx_hal_ltdc.c:1957:19:HAL_LTDC_EnableCLUT_NoReload	0	static
stm32f4xx_hal_ltdc.c:1990:19:HAL_LTDC_DisableCLUT_NoReload	0	static
stm32f4xx_hal_ltdc.c:2039:23:HAL_LTDC_GetState	0	static
stm32f4xx_hal_ltdc.c:2050:10:HAL_LTDC_GetError	0	static
