stm32f4xx_hal_dma2d.c:2049:13:DMA2D_SetConfig	16	static
stm32f4xx_hal_dma2d.c:396:13:HAL_DMA2D_MspInit	0	static
stm32f4xx_hal_dma2d.c:238:19:HAL_DMA2D_Init	8	static
stm32f4xx_hal_dma2d.c:412:13:HAL_DMA2D_MspDeInit	0	static
stm32f4xx_hal_dma2d.c:668:19:HAL_DMA2D_Start	24	static
stm32f4xx_hal_dma2d.c:704:19:HAL_DMA2D_Start_IT	24	static
stm32f4xx_hal_dma2d.c:741:19:HAL_DMA2D_BlendingStart	24	static
stm32f4xx_hal_dma2d.c:778:19:HAL_DMA2D_BlendingStart_IT	24	static
stm32f4xx_hal_dma2d.c:812:19:HAL_DMA2D_Abort	16	static
stm32f4xx_hal_dma2d.c:861:19:HAL_DMA2D_Suspend	16	static
stm32f4xx_hal_dma2d.c:910:19:HAL_DMA2D_Resume	0	static
stm32f4xx_hal_dma2d.c:938:19:HAL_DMA2D_EnableCLUT	0	static
stm32f4xx_hal_dma2d.c:974:19:HAL_DMA2D_CLUTStartLoad	8	static
stm32f4xx_hal_dma2d.c:1028:19:HAL_DMA2D_CLUTStartLoad_IT	8	static
stm32f4xx_hal_dma2d.c:1092:19:HAL_DMA2D_CLUTLoad	32	static
stm32f4xx_hal_dma2d.c:1149:19:HAL_DMA2D_CLUTLoad_IT	32	static
stm32f4xx_hal_dma2d.c:1207:19:HAL_DMA2D_CLUTLoading_Abort	16	static
stm32f4xx_hal_dma2d.c:306:19:HAL_DMA2D_DeInit	16	static
stm32f4xx_hal_dma2d.c:1264:19:HAL_DMA2D_CLUTLoading_Suspend	16	static
stm32f4xx_hal_dma2d.c:1329:19:HAL_DMA2D_CLUTLoading_Resume	0	static
stm32f4xx_hal_dma2d.c:1372:19:HAL_DMA2D_PollForTransfer	24	static
stm32f4xx_hal_dma2d.c:1670:13:HAL_DMA2D_LineEventCallback	0	static
stm32f4xx_hal_dma2d.c:1686:13:HAL_DMA2D_CLUTLoadingCpltCallback	0	static
stm32f4xx_hal_dma2d.c:1500:6:HAL_DMA2D_IRQHandler	16	static
stm32f4xx_hal_dma2d.c:1729:19:HAL_DMA2D_ConfigLayer	20	static
stm32f4xx_hal_dma2d.c:1826:19:HAL_DMA2D_ConfigCLUT	32	static
stm32f4xx_hal_dma2d.c:1880:19:HAL_DMA2D_ProgramLineEvent	0	static
stm32f4xx_hal_dma2d.c:1916:19:HAL_DMA2D_EnableDeadTime	0	static
stm32f4xx_hal_dma2d.c:1939:19:HAL_DMA2D_DisableDeadTime	0	static
stm32f4xx_hal_dma2d.c:1965:19:HAL_DMA2D_ConfigDeadTime	0	static
stm32f4xx_hal_dma2d.c:2010:24:HAL_DMA2D_GetState	0	static
stm32f4xx_hal_dma2d.c:2021:10:HAL_DMA2D_GetError	0	static
