TypedText.hpp:65:13:touchgfx::TypedText::~TypedText()	0	static
TypedText.hpp:65:13:virtual touchgfx::TypedText::~TypedText()	8	static
FontCache.cpp:13:1:touchgfx::FontCache::FontCache()	0	static
FontCache.cpp:18:6:void touchgfx::FontCache::clear(bool)	16	static
FontCache.cpp:35:6:void touchgfx::FontCache::setMemory(uint8_t*, uint32_t)	0	static
FontCache.cpp:43:6:void touchgfx::FontCache::setReader(touchgfx::FontDataReader*)	0	static
FontCache.cpp:48:18:const touchgfx::GlyphNode* touchgfx::FontCache::getGlyph(touchgfx::Unicode::UnicodeChar, touchgfx::FontId) const	0	static
FontCache.cpp:63:6:void touchgfx::FontCache::open()	0	static
FontCache.cpp:71:6:void touchgfx::FontCache::close()	0	static
FontCache.cpp:233:6:bool touchgfx::FontCache::contains(touchgfx::Unicode::UnicodeChar, touchgfx::FontId) const	0	static
FontCache.cpp:384:6:bool touchgfx::FontCache::sortSortedString(int)	20	static
FontCache.cpp:336:6:bool touchgfx::FontCache::createSortedString(const UnicodeChar*)	16	static
FontCache.cpp:357:6:)	140	static
FontCache.cpp:410:6:void touchgfx::FontCache::setPosition(uint32_t)	0	static
FontCache.cpp:418:6:void touchgfx::FontCache::readData(void*, uint32_t)	0	static
FontCache.cpp:276:10:uint8_t* touchgfx::FontCache::copyGlyph(uint8_t*, touchgfx::Unicode::UnicodeChar, touchgfx::FontId, uint32_t, bool&)	24	static
FontCache.cpp:248:6:void touchgfx::FontCache::insert(touchgfx::Unicode::UnicodeChar, touchgfx::FontId, uint32_t, bool&)	24	static
FontCache.cpp:310:6:void touchgfx::FontCache::cacheData(uint32_t, touchgfx::GlyphNode*)	24	static
FontCache.cpp:184:6:bool touchgfx::FontCache::cacheSortedString(touchgfx::TypedText)	64	static
FontCache.cpp:158:6:bool touchgfx::FontCache::cacheString(touchgfx::TypedText, const UnicodeChar*)	32	static
FontCache.cpp:171:6:bool touchgfx::FontCache::cacheLigatures(touchgfx::CachedFont*, touchgfx::TypedText, const UnicodeChar*)	48	static
FontCache.cpp:79:6:void touchgfx::FontCache::initializeCachedFont(touchgfx::TypedText, touchgfx::CachedFont*, bool)	144	static
