Drawable.hpp:132:23:virtual touchgfx::Drawable* touchgfx::Drawable::getFirstChild()	0	static
Drawable.hpp:269:18:virtual void touchgfx::Drawable::setX(int16_t)	0	static
Drawable.hpp:281:18:virtual void touchgfx::Drawable::setY(int16_t)	0	static
Drawable.hpp:310:18:virtual void touchgfx::Drawable::setWidth(int16_t)	0	static
Drawable.hpp:322:18:virtual void touchgfx::Drawable::setHeight(int16_t)	0	static
Drawable.hpp:332:18:virtual void touchgfx::Drawable::childGeometryChanged()	0	static
Drawable.hpp:343:18:virtual void touchgfx::Drawable::handleClickEvent(const touchgfx::ClickEvent&)	0	static
Drawable.hpp:354:18:virtual void touchgfx::Drawable::handleGestureEvent(const touchgfx::GestureEvent&)	0	static
Drawable.hpp:442:18:virtual void touchgfx::Drawable::handleDragEvent(const touchgfx::DragEvent&)	0	static
Drawable.hpp:452:18:virtual void touchgfx::Drawable::handleTickEvent()	0	static
Drawable.hpp:539:18:virtual void touchgfx::Drawable::moveTo(int16_t, int16_t)	4	static
Drawable.hpp:654:18:virtual void touchgfx::Drawable::setupDrawChain(const touchgfx::Rect&, touchgfx::Drawable**)	0	static
Container.hpp:152:23:virtual touchgfx::Drawable* touchgfx::Container::getFirstChild()	0	static
Screen.hpp:92:18:virtual void touchgfx::Screen::setupScreen()	0	static
Screen.hpp:103:18:virtual void touchgfx::Screen::afterTransition()	0	static
Screen.hpp:114:18:virtual void touchgfx::Screen::tearDownScreen()	0	static
Screen.hpp:143:18:virtual void touchgfx::Screen::handleTickEvent()	0	static
Screen.hpp:153:18:virtual void touchgfx::Screen::handleKeyEvent(uint8_t)	0	static
Widget.hpp:47:18:virtual void touchgfx::Widget::getLastChild(int16_t, int16_t, touchgfx::Drawable**)	0	static
TypedText.hpp:65:13:touchgfx::TypedText::~TypedText()	0	static
AbstractButtonContainer.hpp:114:18:virtual void touchgfx::AbstractButtonContainer::handlePressedUpdated()	0	static
AbstractButtonContainer.hpp:119:18:virtual void touchgfx::AbstractButtonContainer::handleAlphaUpdated()	0	static
AbstractButtonContainer.hpp:34:7:touchgfx::AbstractButtonContainer::~AbstractButtonContainer()	0	static
View.hpp:36:7:touchgfx::View<Screen1Presenter>::~View()	0	static
Screen1ViewBase.hpp:26:13:Screen1ViewBase::~Screen1ViewBase()	0	static
Screen1ViewBase.hpp:32:18:virtual void Screen1ViewBase::SendButtonHandle()	0	static
Screen1ViewBase.hpp:37:18:virtual void Screen1ViewBase::ASNHandle()	0	static
Screen1ViewBase.hpp:42:18:virtual void Screen1ViewBase::TimDivHandle()	0	static
Screen1ViewBase.hpp:47:18:virtual void Screen1ViewBase::TimDivResetHandle()	0	static
Screen1ViewBase.hpp:52:18:virtual void Screen1ViewBase::TimDivRightHandle()	0	static
Screen1ViewBase.hpp:57:18:virtual void Screen1ViewBase::TimDivLeftHande()	0	static
Screen1ViewBase.hpp:62:18:virtual void Screen1ViewBase::TimDivDownHande()	0	static
Screen1ViewBase.hpp:67:18:virtual void Screen1ViewBase::TimDivUpHandle()	0	static
Screen1ViewBase.hpp:72:18:virtual void Screen1ViewBase::TimDivSliderHandle(int)	0	static
Screen1ViewBase.cpp:352:6:virtual void Screen1ViewBase::setupScreen()	0	static
ClickButtonTrigger.hpp:35:7:touchgfx::ClickButtonTrigger::~ClickButtonTrigger()	0	static
ImageButtonStyle.hpp:45:7:touchgfx::ImageButtonStyle<touchgfx::ClickButtonTrigger>::~ImageButtonStyle()	0	static
Callback.hpp:290:8:touchgfx::Callback<Screen1ViewBase, const touchgfx::Slider&, int>::~Callback()	0	static
Callback.hpp:357:8:touchgfx::Callback<Screen1ViewBase, const touchgfx::AbstractButtonContainer&>::~Callback()	0	static
Callback.hpp:357:8:touchgfx::Callback<Screen1ViewBase, const touchgfx::AbstractButton&>::~Callback()	0	static
WildcardTextButtonStyle.hpp:51:7:touchgfx::WildcardTextButtonStyle<touchgfx::ImageButtonStyle<touchgfx::ClickButtonTrigger> >::~WildcardTextButtonStyle()	0	static
GraphWrapAndClear.hpp:56:7:touchgfx::GraphWrapAndClear<180>::~GraphWrapAndClear()	0	static
Callback.hpp:318:18:void touchgfx::Callback<dest_type, T1, T2, void>::execute(T1, T2) [with dest_type = Screen1ViewBase; T1 = const touchgfx::Slider&; T2 = int]	12	static
Callback.hpp:328:18:bool touchgfx::Callback<dest_type, T1, T2, void>::isValid() const [with dest_type = Screen1ViewBase; T1 = const touchgfx::Slider&; T2 = int]	0	static
Callback.hpp:386:18:void touchgfx::Callback<dest_type, T1, void, void>::execute(T1) [with dest_type = Screen1ViewBase; T1 = const touchgfx::AbstractButtonContainer&]	8	static
Callback.hpp:396:18:bool touchgfx::Callback<dest_type, T1, void, void>::isValid() const [with dest_type = Screen1ViewBase; T1 = const touchgfx::AbstractButtonContainer&]	0	static
Callback.hpp:386:18:void touchgfx::Callback<dest_type, T1, void, void>::execute(T1) [with dest_type = Screen1ViewBase; T1 = const touchgfx::AbstractButton&]	8	static
Callback.hpp:396:18:bool touchgfx::Callback<dest_type, T1, void, void>::isValid() const [with dest_type = Screen1ViewBase; T1 = const touchgfx::AbstractButton&]	0	static
WildcardTextButtonStyle.hpp:163:18:void touchgfx::WildcardTextButtonStyle<T>::handleAlphaUpdated() [with T = touchgfx::ImageButtonStyle<touchgfx::ClickButtonTrigger>]	0	static
ImageButtonStyle.hpp:104:18:void touchgfx::ImageButtonStyle<T>::handleAlphaUpdated() [with T = touchgfx::ClickButtonTrigger]	0	static
ImageButtonStyle.hpp:97:18:void touchgfx::ImageButtonStyle<T>::handlePressedUpdated() [with T = touchgfx::ClickButtonTrigger]	0	static
WildcardTextButtonStyle.hpp:156:18:void touchgfx::WildcardTextButtonStyle<T>::handlePressedUpdated() [with T = touchgfx::ImageButtonStyle<touchgfx::ClickButtonTrigger>]	8	static
TypedText.hpp:65:13:virtual touchgfx::TypedText::~TypedText()	8	static
View.hpp:36:7:virtual touchgfx::View<Screen1Presenter>::~View()	8	static
AbstractButtonContainer.hpp:34:7:virtual touchgfx::AbstractButtonContainer::~AbstractButtonContainer()	8	static
ClickButtonTrigger.hpp:35:7:virtual touchgfx::ClickButtonTrigger::~ClickButtonTrigger()	8	static
ImageButtonStyle.hpp:45:7:virtual touchgfx::ImageButtonStyle<touchgfx::ClickButtonTrigger>::~ImageButtonStyle()	8	static
GraphWrapAndClear.hpp:56:7:virtual touchgfx::GraphWrapAndClear<180>::~GraphWrapAndClear()	8	static
Callback.hpp:357:8:virtual touchgfx::Callback<Screen1ViewBase, const touchgfx::AbstractButton&>::~Callback()	8	static
Callback.hpp:357:8:virtual touchgfx::Callback<Screen1ViewBase, const touchgfx::AbstractButtonContainer&>::~Callback()	8	static
Callback.hpp:290:8:virtual touchgfx::Callback<Screen1ViewBase, const touchgfx::Slider&, int>::~Callback()	8	static
WildcardTextButtonStyle.hpp:51:7:virtual touchgfx::WildcardTextButtonStyle<touchgfx::ImageButtonStyle<touchgfx::ClickButtonTrigger> >::~WildcardTextButtonStyle()	8	static
Screen1ViewBase.hpp:26:13:virtual Screen1ViewBase::~Screen1ViewBase()	8	static
AbstractButtonContainer.hpp:99:18:virtual void touchgfx::AbstractButtonContainer::executeAction()	8	static
Screen1ViewBase.cpp:357:6:void Screen1ViewBase::buttonCallbackHandler(const touchgfx::AbstractButton&)	0	static
Screen1ViewBase.cpp:410:6:void Screen1ViewBase::flexButtonCallbackHandler(const touchgfx::AbstractButtonContainer&)	0	static
Screen1ViewBase.cpp:421:6:void Screen1ViewBase::sliderValueChangedCallbackHandler(const touchgfx::Slider&, int)	4	static
ClickButtonTrigger.hpp:47:18:virtual void touchgfx::ClickButtonTrigger::handleClickEvent(const touchgfx::ClickEvent&)	16	static
Drawable.hpp:48:5:touchgfx::Drawable::Drawable()	0	static
Drawable.hpp:297:10:void touchgfx::Drawable::setXY(int16_t, int16_t)	16	static
Drawable.hpp:365:10:void touchgfx::Drawable::setWidthHeight(int16_t, int16_t)	16	static
Drawable.hpp:216:10:void touchgfx::Drawable::setPosition(int16_t, int16_t, int16_t, int16_t)	16	static
ImageButtonStyle.hpp:61:18:void touchgfx::ImageButtonStyle<T>::setBitmaps(const touchgfx::Bitmap&, const touchgfx::Bitmap&) [with T = touchgfx::ClickButtonTrigger]	16	static
Box.hpp:33:5:touchgfx::Box::Box()	8	static
AbstractPainterRGB565.hpp:41:5:touchgfx::AbstractPainterRGB565::AbstractPainterRGB565()	16	static
TextArea.hpp:42:5:touchgfx::TextArea::TextArea()	8	static
Image.hpp:50:5:touchgfx::Image::Image(const touchgfx::Bitmap&)	16	static
Screen1ViewBase.cpp:9:1:Screen1ViewBase::Screen1ViewBase()	160	static
